Archive member included to satisfy reference by file (symbol)

C:/Users/csonk/OneDrive/Documents/SinkHole_X/NDS/nflib/lib\libnflib.a(nf_2d.o)
                              main.o (NF_Set2D)
C:/Users/csonk/OneDrive/Documents/SinkHole_X/NDS/nflib/lib\libnflib.a(nf_basic.o)
                              C:/Users/csonk/OneDrive/Documents/SinkHole_X/NDS/nflib/lib\libnflib.a(nf_2d.o) (NF_Error)
C:/Users/csonk/OneDrive/Documents/SinkHole_X/NDS/nflib/lib\libnflib.a(nf_sprite256.o)
                              main.o (NF_InitSpriteBuffers)
C:/Users/csonk/OneDrive/Documents/SinkHole_X/NDS/nflib/lib\libnflib.a(nf_text.o)
                              main.o (NF_InitTextSys)
C:/Users/csonk/OneDrive/Documents/SinkHole_X/NDS/nflib/lib\libnflib.a(nf_text16.o)
                              main.o (NF_LoadTextFont16)
C:/Users/csonk/OneDrive/Documents/SinkHole_X/NDS/nflib/lib\libnflib.a(nf_tiledbg.o)
                              main.o (NF_InitTiledBgBuffers)
C:/devkitPro/libnds/lib\libfilesystem.a(nitrofs.o)
                              C:/Users/csonk/OneDrive/Documents/SinkHole_X/NDS/nflib/lib\libnflib.a(nf_basic.o) (nitroFSInit)
C:/devkitPro/libnds/lib\libfat.a(libfat.o)
                              C:/Users/csonk/OneDrive/Documents/SinkHole_X/NDS/nflib/lib\libnflib.a(nf_basic.o) (fatInitDefault)
C:/devkitPro/libnds/lib\libfat.a(disc.o)
                              C:/devkitPro/libnds/lib\libfat.a(libfat.o) (_FAT_disc_interfaces)
C:/devkitPro/libnds/lib\libfat.a(fatfile.o)
                              C:/devkitPro/libnds/lib\libfat.a(libfat.o) (_FAT_open_r)
C:/devkitPro/libnds/lib\libfat.a(cache.o)
                              C:/devkitPro/libnds/lib\libfat.a(fatfile.o) (_FAT_cache_readSectors)
C:/devkitPro/libnds/lib\libfat.a(fatdir.o)
                              C:/devkitPro/libnds/lib\libfat.a(libfat.o) (_FAT_stat_r)
C:/devkitPro/libnds/lib\libfat.a(directory.o)
                              C:/devkitPro/libnds/lib\libfat.a(fatfile.o) (_FAT_directory_entryGetCluster)
C:/devkitPro/libnds/lib\libfat.a(partition.o)
                              C:/devkitPro/libnds/lib\libfat.a(libfat.o) (_FAT_partition_constructor)
C:/devkitPro/libnds/lib\libfat.a(lock.o)
                              C:/devkitPro/libnds/lib\libfat.a(partition.o) (_FAT_lock_init)
C:/devkitPro/libnds/lib\libfat.a(filetime.o)
                              C:/devkitPro/libnds/lib\libfat.a(fatfile.o) (_FAT_filetime_getTimeFromRTC)
C:/devkitPro/libnds/lib\libfat.a(file_allocation_table.o)
                              C:/devkitPro/libnds/lib\libfat.a(fatfile.o) (_FAT_fat_nextCluster)
C:/devkitPro/libnds/lib\libnds9.a(video.o)
                              C:/Users/csonk/OneDrive/Documents/SinkHole_X/NDS/nflib/lib\libnflib.a(nf_basic.o) (setBrightness)
C:/devkitPro/libnds/lib\libnds9.a(touch.o)
                              main.o (touchRead)
C:/devkitPro/libnds/lib\libnds9.a(console.o)
                              C:/Users/csonk/OneDrive/Documents/SinkHole_X/NDS/nflib/lib\libnflib.a(nf_basic.o) (consoleDemoInit)
C:/devkitPro/libnds/lib\libnds9.a(sprite.o)
                              C:/Users/csonk/OneDrive/Documents/SinkHole_X/NDS/nflib/lib\libnflib.a(nf_sprite256.o) (oamInit)
C:/devkitPro/libnds/lib\libnds9.a(keys.o)
                              main.o (scanKeys)
C:/devkitPro/libnds/lib\libnds9.a(dldi.o)
                              C:/devkitPro/libnds/lib\libfat.a(disc.o) (dldiGetInternal)
C:/devkitPro/libnds/lib\libnds9.a(initSystem.o)
                              c:/devkitpro/devkitarm/bin/../lib/gcc/arm-none-eabi/9.1.0/../../../../arm-none-eabi/lib/thumb/ds_arm9_crt0.o (initSystem)
C:/devkitPro/libnds/lib\libnds9.a(timeSupport.o)
                              C:/devkitPro/libnds/lib\libnds9.a(initSystem.o) (__libnds_gtod)
C:/devkitPro/libnds/lib\libnds9.a(securearea.o)
                              c:/devkitpro/devkitarm/bin/../lib/gcc/arm-none-eabi/9.1.0/../../../../arm-none-eabi/lib/thumb/ds_arm9_crt0.o (__secure_area__)
C:/devkitPro/libnds/lib\libnds9.a(interrupts.o)
                              C:/devkitPro/libnds/lib\libnds9.a(initSystem.o) (irqInit)
C:/devkitPro/libnds/lib\libnds9.a(libnds_exit.arm.o)
                              c:/devkitpro/devkitarm/bin/../lib/gcc/arm-none-eabi/9.1.0/../../../../arm-none-eabi/lib/thumb/ds_arm9_crt0.o (__libnds_exit)
C:/devkitPro/libnds/lib\libnds9.a(card.o)
                              C:/devkitPro/libnds/lib\libfilesystem.a(nitrofs.o) (cardParamCommand)
C:/devkitPro/libnds/lib\libnds9.a(fifosystem.o)
                              C:/devkitPro/libnds/lib\libnds9.a(initSystem.o) (fifoSetValue32Handler)
C:/devkitPro/libnds/lib\libnds9.a(dcache.o)
                              C:/Users/csonk/OneDrive/Documents/SinkHole_X/NDS/nflib/lib\libnflib.a(nf_basic.o) (DC_FlushRange)
C:/devkitPro/libnds/lib\libnds9.a(dldi_stub.o)
                              C:/devkitPro/libnds/lib\libnds9.a(dldi.o) (_io_dldi_stub)
C:/devkitPro/libnds/lib\libnds9.a(mpu_setup.o)
[...]
Memory Configuration

Name             Origin             Length             Attributes
ewram            0x0000000002000000 0x0000000000380000
dtcm             0x000000000b000000 0x0000000000004000
vectors          0x0000000001000000 0x0000000000000100
itcm             0x0000000001000100 0x0000000000007f00
*default*        0x0000000000000000 0xffffffffffffffff

Linker script and memory map

                0x0000000002380000                __ewram_end = (ORIGIN (ewram) + LENGTH (ewram))
                0x0000000002380000                __eheap_end = (ORIGIN (ewram) + LENGTH (ewram))
                0x000000000b004000                __dtcm_top = (ORIGIN (dtcm) + LENGTH (dtcm))
                0x000000000b003ff8                __irq_flags = (__dtcm_top - 0x8)
                0x000000000b003ffc                __irq_vector = (__dtcm_top - 0x4)
                0x000000000b003f00                __sp_svc = (__dtcm_top - 0x100)
                0x000000000b003e00                __sp_irq = (__sp_svc - 0x100)
                0x000000000b003d00                __sp_usr = (__sp_irq - 0x100)

.secure         0x0000000002000000      0x800
 *(.secure)
 .secure        0x0000000002000000      0x800 C:/devkitPro/libnds/lib\libnds9.a(securearea.o)
                0x0000000002000000                __secure_area__

.crt0           0x0000000002000800      0x300
                0x0000000002000800                __text_start = .
 *(.crt0)
 .crt0          0x0000000002000800      0x300 c:/devkitpro/devkitarm/bin/../lib/gcc/arm-none-eabi/9.1.0/../../../../arm-none-eabi/lib/thumb/ds_arm9_crt0.o
                0x0000000002000800                _start
                0x0000000002000b00                . = ALIGN (0x4)

.plt
 *(.plt)

.init           0x0000000002000b00        0xc
 *(SORT_NONE(.init))
 .init          0x0000000002000b00        0x4 c:/devkitpro/devkitarm/bin/../lib/gcc/arm-none-eabi/9.1.0/thumb/crti.o
                0x0000000002000b00                _init
 .init          0x0000000002000b04        0x8 c:/devkitpro/devkitarm/bin/../lib/gcc/arm-none-eabi/9.1.0/thumb/crtn.o

.text           0x0000000002000b40    0x208b8
 *(EXCLUDE_FILE(*.twl* *.vectors* *.itcm*) .text)
 .text          0x0000000002000b40     0x2230 main.o
                0x0000000002000b40                init
                0x0000000002000e3c                render
                0x0000000002000ecc                get_player_tile
                0x0000000002001010                even
                0x0000000002001024                make_16x16_tile
                0x00000000020011f4                rand_
                0x0000000002001208                update_current_time
                0x000000000200123c                create_sprite
                0x000000000200126c                player_movement
                0x0000000002001404                spawn_player
                0x00000000020014cc                spawn_enemy
                0x0000000002001694                update_enemy_scroll
                0x00000000020016cc                inworld
                0x00000000020016fc                update_car_enemy
                0x00000000020018c4                update_snow_ball_enemy
                0x0000000002001b5c                update_snow_enemy
                0x0000000002001cac                touch_box
                0x0000000002001cf0                sprites_collide
                0x0000000002001d8c                get_enemy_collision
                0x0000000002001f28                is_in
                0x0000000002001f40                spawn_enemies
                0x00000000020020d8                clear_enemies
                0x0000000002002120                add_object
                0x000000000200230c                gen_map
                0x000000000200235c                update_holes
                0x00000000020023d0                clear_map
                0x0000000002002438                reset_enemies
                0x00000000020024b8                reset
                0x000000000200254c                main_menu
                0x00000000020026a0                difficulty_menu
                0x0000000002002838                spawn_hole
                0x00000000020028b4                replace_item
                0x0000000002002930                do_physics
                0x0000000002002ab8                game_over
                0x0000000002002b6c                pause_game
 .text          0x0000000002002d70      0x874 C:/Users/csonk/OneDrive/Documents/SinkHole_X/NDS/nflib/lib\libnflib.a(nf_2d.o)
                0x0000000002002d70                NF_Set2D
                0x0000000002002dd8                NF_ShowBg
                0x0000000002002e54                NF_HideBg
                0x0000000002002ef8                NF_ScrollBg
                0x0000000002003248                NF_MoveSprite
                0x0000000002003268                NF_SpriteLayer
                0x0000000002003284                NF_ShowSprite
                0x00000000020032a4                NF_HflipSprite
                0x00000000020032c0                NF_GetSpriteHflip
                0x00000000020032dc                NF_VflipSprite
                0x00000000020032f8                NF_GetSpriteVflip
                0x0000000002003314                NF_SpriteFrame
                0x00000000020033e4                NF_EnableSpriteRotScale
                0x0000000002003478                NF_DisableSpriteRotScale
                0x00000000020034ec                NF_SpriteRotScale
 .text          0x00000000020035e4      0x4a0 C:/Users/csonk/OneDrive/Documents/SinkHole_X/NDS/nflib/lib\libnflib.a(nf_basic.o)
                0x00000000020035e4                NF_Error
                0x0000000002003890                NF_SetRootFolder
                0x00000000020039e8                NF_DmaMemCopy
                0x0000000002003a74                NF_GetLanguage
 .text          0x0000000002003a84     0x13b4 C:/Users/csonk/OneDrive/Documents/SinkHole_X/NDS/nflib/lib\libnflib.a(nf_sprite256.o)
                0x0000000002003a84                NF_InitSpriteBuffers
                0x0000000002003ad0                NF_ResetSpriteBuffers
                0x0000000002003b04                NF_InitSpriteSys
                0x0000000002003d14                NF_LoadSpriteGfx
                0x0000000002003e24                NF_UnloadSpriteGfx
                0x0000000002003e94                NF_LoadSpritePal
                0x0000000002003f90                NF_UnloadSpritePal
                0x0000000002003fe0                NF_VramSpriteGfx
                0x0000000002004338                NF_VramSpriteGfxDefrag
                0x000000000200453c                NF_FreeSpriteGfx
                0x000000000200463c                NF_VramSpritePal
                0x0000000002004710                NF_CreateSprite
                0x0000000002004ab0                NF_DeleteSprite
                0x0000000002004b50                NF_SpriteOamSet
                0x0000000002004c28                NF_SpriteSetPalColor
                0x0000000002004cc0                NF_SpriteEditPalColor
                0x0000000002004d3c                NF_SpriteUpdatePalette
                0x0000000002004dcc                NF_SpriteGetPalColor
 .text          0x0000000002004e38      0x844 C:/Users/csonk/OneDrive/Documents/SinkHole_X/NDS/nflib/lib\libnflib.a(nf_text.o)
                0x0000000002004e38                NF_InitTextSys
                0x0000000002004e6c                NF_LoadTextFont
                0x00000000020050c0                NF_UnloadTextFont
                0x00000000020050c8                NF_CreateTextLayer
                0x000000000200515c                NF_DeleteTextLayer
                0x00000000020051b4                NF_WriteText
                0x000000000200550c                NF_UpdateTextLayers
                0x0000000002005554                NF_ClearTextLayer
                0x00000000020055bc                NF_DefineTextColor
                0x0000000002005660                NF_SetTextColor
 .text          0x000000000200567c      0x804 C:/Users/csonk/OneDrive/Documents/SinkHole_X/NDS/nflib/lib\libnflib.a(nf_text16.o)
                0x000000000200567c                NF_LoadTextFont16
                0x00000000020058ec                NF_CreateTextLayer16
                0x00000000020059e8                NF_WriteText16
                0x0000000002005de4                NF_ClearTextLayer16
 .text          0x0000000002005e80     0x19fc C:/Users/csonk/OneDrive/Documents/SinkHole_X/NDS/nflib/lib\libnflib.a(nf_tiledbg.o)
                0x0000000002005e80                NF_InitTiledBgBuffers
                0x0000000002005f1c                NF_ResetTiledBgBuffers
                0x0000000002005f80                NF_InitTiledBgSys
                0x00000000020060b0                NF_LoadTiledBg
                0x0000000002006330                NF_LoadTilesForBg
                0x00000000020065ac                NF_UnloadTiledBg
                0x0000000002006664                NF_DeleteTiledBg
                0x000000000200680c                NF_CreateTiledBg
                0x0000000002006e34                NF_GetTileMapAddress
                0x0000000002006ef0                NF_GetTileOfMap
                0x0000000002006f28                NF_SetTileOfMap
                0x0000000002006f6c                NF_UpdateVramMap
                0x000000000200708c                NF_BgSetPalColor
                0x000000000200713c                NF_BgEditPalColor
                0x00000000020071e0                NF_BgUpdatePalette
                0x00000000020072a0                NF_BgGetPalColor
                0x0000000002007338                NF_GetTilePal
                0x000000000200736c                NF_SetTilePal
                0x00000000020073b4                NF_LoadExBgPal
                0x00000000020074a0                NF_UnloadExBgPal
                0x00000000020074f0                NF_VramExBgPal
                0x00000000020075a4                NF_SetExBgPal
                0x0000000002007664                NF_SetTileHflip
                0x00000000020076a0                NF_SetTileVflip
                0x00000000020076dc                NF_RotateTileGfx
 *fill*         0x000000000200787c        0x4 ff
 .text          0x0000000002007880     0x4000 C:/devkitPro/libnds/lib\libnds9.a(dldi_stub.o)
                0x0000000002007880                _io_dldi_stub
 .text          0x000000000200b880      0x11c c:/devkitpro/devkitarm/bin/../lib/gcc/arm-none-eabi/9.1.0/thumb\libgcc.a(_udivsi3.o)
                0x000000000200b880                __aeabi_uidiv
                0x000000000200b880                __udivsi3
                0x000000000200b97c                __aeabi_uidivmod
 .text          0x000000000200b99c      0x150 c:/devkitpro/devkitarm/bin/../lib/gcc/arm-none-eabi/9.1.0/thumb\libgcc.a(_divsi3.o)
                0x000000000200b99c                __divsi3
                0x000000000200b99c                __aeabi_idiv
                0x000000000200bacc                __aeabi_idivmod
 .text          0x000000000200baec        0x4 c:/devkitpro/devkitarm/bin/../lib/gcc/arm-none-eabi/9.1.0/thumb\libgcc.a(_dvmd_tls.o)
                0x000000000200baec                __aeabi_idiv0
                0x000000000200baec                __aeabi_ldiv0
 .text          0x000000000200baf0       0xd4 c:/devkitpro/devkitarm/bin/../lib/gcc/arm-none-eabi/9.1.0/thumb\libgcc.a(_aeabi_ldivmod.o)
                0x000000000200baf0                __aeabi_ldivmod
 .text          0x000000000200bbc4       0x28 c:/devkitpro/devkitarm/bin/../lib/gcc/arm-none-eabi/9.1.0/thumb\libgcc.a(_clzdi2.o)
                0x000000000200bbc4                __clzdi2
 .text          0x000000000200bbec       0x48 c:/devkitpro/devkitarm/bin/../lib/gcc/arm-none-eabi/9.1.0/thumb\libgcc.a(_clzsi2.o)
                0x000000000200bbec                __clzsi2
 .text          0x000000000200bc34      0x224 c:/devkitpro/devkitarm/bin/../lib/gcc/arm-none-eabi/9.1.0/../../../../arm-none-eabi/lib/thumb\libg.a(lib_a-strcmp.o)
                0x000000000200bc34                strcmp
 .text          0x000000000200be58       0x14 c:/devkitpro/devkitarm/bin/../lib/gcc/arm-none-eabi/9.1.0/thumb\libgcc.a(_thumb1_case_uqi.o)
                0x000000000200be58                __gnu_thumb1_case_uqi
 .text          0x000000000200be6c       0x14 c:/devkitpro/devkitarm/bin/../lib/gcc/arm-none-eabi/9.1.0/thumb\libgcc.a(_thumb1_case_uhi.o)
                0x000000000200be6c                __gnu_thumb1_case_uhi
 .text          0x000000000200be80      0x424 c:/devkitpro/devkitarm/bin/../lib/gcc/arm-none-eabi/9.1.0/thumb\libgcc.a(_arm_addsubdf3.o)
                0x000000000200be80                __aeabi_drsub
                0x000000000200be88                __aeabi_dsub
                0x000000000200be88                __subdf3
                0x000000000200be8c                __aeabi_dadd
                0x000000000200be8c                __adddf3
                0x000000000200c19c                __floatunsidf
                0x000000000200c19c                __aeabi_ui2d
                0x000000000200c1c0                __floatsidf
                0x000000000200c1c0                __aeabi_i2d
                0x000000000200c1e8                __aeabi_f2d
                0x000000000200c1e8                __extendsfdf2
                0x000000000200c230                __floatundidf
                0x000000000200c230                __aeabi_ul2d
                0x000000000200c244                __floatdidf
                0x000000000200c244                __aeabi_l2d
 .text          0x000000000200c2a4      0x49c c:/devkitpro/devkitarm/bin/../lib/gcc/arm-none-eabi/9.1.0/thumb\libgcc.a(_arm_muldivdf3.o)
                0x000000000200c2a4                __aeabi_dmul
                0x000000000200c2a4                __muldf3
                0x000000000200c534                __divdf3
                0x000000000200c534                __aeabi_ddiv
 .text          0x000000000200c740      0x144 c:/devkitpro/devkitarm/bin/../lib/gcc/arm-none-eabi/9.1.0/thumb\libgcc.a(_arm_cmpdf2.o)
                0x000000000200c740                __gtdf2
                0x000000000200c740                __gedf2
                0x000000000200c748                __ltdf2
                0x000000000200c748                __ledf2
                0x000000000200c750                __nedf2
                0x000000000200c750                __eqdf2
                0x000000000200c750                __cmpdf2
                0x000000000200c7d8                __aeabi_cdrcmple
                0x000000000200c7f4                __aeabi_cdcmpeq
                0x000000000200c7f4                __aeabi_cdcmple
                0x000000000200c80c                __aeabi_dcmpeq
                0x000000000200c824                __aeabi_dcmplt
                0x000000000200c83c                __aeabi_dcmple
                0x000000000200c854                __aeabi_dcmpge
                0x000000000200c86c                __aeabi_dcmpgt
 .text          0x000000000200c884       0x38 c:/devkitpro/devkitarm/bin/../lib/gcc/arm-none-eabi/9.1.0/thumb\libgcc.a(_arm_unorddf2.o)
                0x000000000200c884                __unorddf2
                0x000000000200c884                __aeabi_dcmpun
 .text          0x000000000200c8bc       0x5c c:/devkitpro/devkitarm/bin/../lib/gcc/arm-none-eabi/9.1.0/thumb\libgcc.a(_arm_fixdfsi.o)
                0x000000000200c8bc                __aeabi_d2iz
                0x000000000200c8bc                __fixdfsi
 .text          0x000000000200c918       0x3c c:/devkitpro/devkitarm/bin/../lib/gcc/arm-none-eabi/9.1.0/thumb\libgcc.a(_aeabi_uldivmod.o)
                0x000000000200c918                __aeabi_uldivmod
 *(EXCLUDE_FILE(*.twl* *.vectors* *.itcm*) .stub)
 *(EXCLUDE_FILE(*.twl* *.vectors* *.itcm*) .text.*)
 .text.deregister_tm_clones
                0x000000000200c954       0x2c c:/devkitpro/devkitarm/bin/../lib/gcc/arm-none-eabi/9.1.0/thumb/crtbegin.o
 .text.register_tm_clones
                0x000000000200c980       0x34 c:/devkitpro/devkitarm/bin/../lib/gcc/arm-none-eabi/9.1.0/thumb/crtbegin.o
 .text.__do_global_dtors_aux
                0x000000000200c9b4       0x30 c:/devkitpro/devkitarm/bin/../lib/gcc/arm-none-eabi/9.1.0/thumb/crtbegin.o
 .text.frame_dummy
                0x000000000200c9e4       0x28 c:/devkitpro/devkitarm/bin/../lib/gcc/arm-none-eabi/9.1.0/thumb/crtbegin.o
 .text.startup  0x000000000200ca0c      0x248 main.o
                0x000000000200ca0c                main
 .text.nitroFSDirClose
                0x000000000200cc54        0x4 C:/devkitPro/libnds/lib\libfilesystem.a(nitrofs.o)
 .text.nitroFSSeek
                0x000000000200cc58       0x74 C:/devkitPro/libnds/lib\libfilesystem.a(nitrofs.o)
 .text.nitroFSFstat
                0x000000000200cccc       0x10 C:/devkitPro/libnds/lib\libfilesystem.a(nitrofs.o)
 .text.nitroSubReadBlock
                0x000000000200ccdc       0x54 C:/devkitPro/libnds/lib\libfilesystem.a(nitrofs.o)
 .text.nitroSubReadCard
                0x000000000200cd30       0xa8 C:/devkitPro/libnds/lib\libfilesystem.a(nitrofs.o)
 .text.nitroFSClose
                0x000000000200cdd8        0x4 C:/devkitPro/libnds/lib\libfilesystem.a(nitrofs.o)
 .text.nitroDirReset
                0x000000000200cddc       0x9c C:/devkitPro/libnds/lib\libfilesystem.a(nitrofs.o)
 .text.nitroFSRead
                0x000000000200ce78       0xb8 C:/devkitPro/libnds/lib\libfilesystem.a(nitrofs.o)
 .text.nitroFSDirNext
                0x000000000200cf30      0x2f4 C:/devkitPro/libnds/lib\libfilesystem.a(nitrofs.o)
 .text.nitroFSDirOpen
                0x000000000200d224       0xe0 C:/devkitPro/libnds/lib\libfilesystem.a(nitrofs.o)
 .text.nitroFSChdir
                0x000000000200d304       0x30 C:/devkitPro/libnds/lib\libfilesystem.a(nitrofs.o)
 .text.nitroFSOpen
                0x000000000200d334       0xc4 C:/devkitPro/libnds/lib\libfilesystem.a(nitrofs.o)
 .text.nitroFSstat
                0x000000000200d3f8       0x68 C:/devkitPro/libnds/lib\libfilesystem.a(nitrofs.o)
 .text.nitroFSInit
                0x000000000200d460      0x124 C:/devkitPro/libnds/lib\libfilesystem.a(nitrofs.o)
                0x000000000200d460                nitroFSInit
 .text.fatMount
                0x000000000200d584       0xc4 C:/devkitPro/libnds/lib\libfat.a(libfat.o)
                0x000000000200d584                fatMount
 .text.fatInit  0x000000000200d648      0x140 C:/devkitPro/libnds/lib\libfat.a(libfat.o)
                0x000000000200d648                fatInit
 .text.fatInitDefault
                0x000000000200d788        0xc C:/devkitPro/libnds/lib\libfat.a(libfat.o)
                0x000000000200d788                fatInitDefault
 .text._FAT_check_position_for_next_cluster.isra.4.part.5
                0x000000000200d794       0x70 C:/devkitPro/libnds/lib\libfat.a(fatfile.o)
 .text._FAT_syncToDisc.part.6
                0x000000000200d804       0xb8 C:/devkitPro/libnds/lib\libfat.a(fatfile.o)
 .text._FAT_file_extend_r
                0x000000000200d8bc      0x20c C:/devkitPro/libnds/lib\libfat.a(fatfile.o)
 .text._FAT_open_r
                0x000000000200dac8      0x2d8 C:/devkitPro/libnds/lib\libfat.a(fatfile.o)
                0x000000000200dac8                _FAT_open_r
 .text._FAT_close_r
                0x000000000200dda0       0x78 C:/devkitPro/libnds/lib\libfat.a(fatfile.o)
                0x000000000200dda0                _FAT_close_r
 .text._FAT_read_r
                0x000000000200de18      0x388 C:/devkitPro/libnds/lib\libfat.a(fatfile.o)
                0x000000000200de18                _FAT_read_r
 .text._FAT_write_r
                0x000000000200e1a0      0x524 C:/devkitPro/libnds/lib\libfat.a(fatfile.o)
                0x000000000200e1a0                _FAT_write_r
 .text._FAT_seek_r
                0x000000000200e6c4      0x1a0 C:/devkitPro/libnds/lib\libfat.a(fatfile.o)
                0x000000000200e6c4                _FAT_seek_r
 .text._FAT_fstat_r
                0x000000000200e864       0x8c C:/devkitPro/libnds/lib\libfat.a(fatfile.o)
                0x000000000200e864                _FAT_fstat_r
 .text._FAT_ftruncate_r
                0x000000000200e8f0      0x16c C:/devkitPro/libnds/lib\libfat.a(fatfile.o)
                0x000000000200e8f0                _FAT_ftruncate_r
 .text._FAT_fsync_r
                0x000000000200ea5c       0x44 C:/devkitPro/libnds/lib\libfat.a(fatfile.o)
                0x000000000200ea5c                _FAT_fsync_r
 .text._FAT_cache_getPage
                0x000000000200eaa0       0xfc C:/devkitPro/libnds/lib\libfat.a(cache.o)
 .text._FAT_cache_writePartialSector.part.3
                0x000000000200eb9c       0x44 C:/devkitPro/libnds/lib\libfat.a(cache.o)
 .text._FAT_cache_constructor
                0x000000000200ebe0       0x90 C:/devkitPro/libnds/lib\libfat.a(cache.o)
                0x000000000200ebe0                _FAT_cache_constructor
 .text._FAT_cache_readSectors
                0x000000000200ec70       0x64 C:/devkitPro/libnds/lib\libfat.a(cache.o)
                0x000000000200ec70                _FAT_cache_readSectors
 .text._FAT_cache_readPartialSector
                0x000000000200ecd4       0x40 C:/devkitPro/libnds/lib\libfat.a(cache.o)
                0x000000000200ecd4                _FAT_cache_readPartialSector
 .text._FAT_cache_readLittleEndianValue
                0x000000000200ed14       0x70 C:/devkitPro/libnds/lib\libfat.a(cache.o)
                0x000000000200ed14                _FAT_cache_readLittleEndianValue
 .text._FAT_cache_writePartialSector
                0x000000000200ed84       0x20 C:/devkitPro/libnds/lib\libfat.a(cache.o)
                0x000000000200ed84                _FAT_cache_writePartialSector
 .text._FAT_cache_writeLittleEndianValue
                0x000000000200eda4       0x40 C:/devkitPro/libnds/lib\libfat.a(cache.o)
                0x000000000200eda4                _FAT_cache_writeLittleEndianValue
 .text._FAT_cache_eraseWritePartialSector
                0x000000000200ede4       0x68 C:/devkitPro/libnds/lib\libfat.a(cache.o)
                0x000000000200ede4                _FAT_cache_eraseWritePartialSector
 .text._FAT_cache_writeSectors
                0x000000000200ee4c       0x74 C:/devkitPro/libnds/lib\libfat.a(cache.o)
                0x000000000200ee4c                _FAT_cache_writeSectors
 .text._FAT_cache_flush
                0x000000000200eec0       0x40 C:/devkitPro/libnds/lib\libfat.a(cache.o)
                0x000000000200eec0                _FAT_cache_flush
 .text._FAT_stat_r
                0x000000000200ef00       0x90 C:/devkitPro/libnds/lib\libfat.a(fatdir.o)
                0x000000000200ef00                _FAT_stat_r
 .text._FAT_link_r
                0x000000000200ef90        0xc C:/devkitPro/libnds/lib\libfat.a(fatdir.o)
                0x000000000200ef90                _FAT_link_r
 .text._FAT_unlink_r
                0x000000000200ef9c      0x19c C:/devkitPro/libnds/lib\libfat.a(fatdir.o)
                0x000000000200ef9c                _FAT_unlink_r
 .text._FAT_chdir_r
                0x000000000200f138       0x70 C:/devkitPro/libnds/lib\libfat.a(fatdir.o)
                0x000000000200f138                _FAT_chdir_r
 .text._FAT_rename_r
                0x000000000200f1a8      0x1c4 C:/devkitPro/libnds/lib\libfat.a(fatdir.o)
                0x000000000200f1a8                _FAT_rename_r
 .text._FAT_mkdir_r
                0x000000000200f36c      0x22c C:/devkitPro/libnds/lib\libfat.a(fatdir.o)
                0x000000000200f36c                _FAT_mkdir_r
 .text._FAT_statvfs_r
                0x000000000200f598       0x78 C:/devkitPro/libnds/lib\libfat.a(fatdir.o)
                0x000000000200f598                _FAT_statvfs_r
 .text._FAT_diropen_r
                0x000000000200f610       0xb0 C:/devkitPro/libnds/lib\libfat.a(fatdir.o)
                0x000000000200f610                _FAT_diropen_r
 .text._FAT_dirreset_r
                0x000000000200f6c0       0x4c C:/devkitPro/libnds/lib\libfat.a(fatdir.o)
                0x000000000200f6c0                _FAT_dirreset_r
 .text._FAT_dirnext_r
                0x000000000200f70c       0x7c C:/devkitPro/libnds/lib\libfat.a(fatdir.o)
                0x000000000200f70c                _FAT_dirnext_r
 .text._FAT_dirclose_r
                0x000000000200f788       0x20 C:/devkitPro/libnds/lib\libfat.a(fatdir.o)
                0x000000000200f788                _FAT_dirclose_r
 .text._FAT_directory_entryGetAlias
                0x000000000200f7a8       0xc8 C:/devkitPro/libnds/lib\libfat.a(directory.o)
 .text._FAT_directory_incrementDirEntryPosition
                0x000000000200f870       0x80 C:/devkitPro/libnds/lib\libfat.a(directory.o)
 .text._FAT_directory_mbsncasecmp
                0x000000000200f8f0       0xa8 C:/devkitPro/libnds/lib\libfat.a(directory.o)
 .text._FAT_directory_entryGetCluster.part.5
                0x000000000200f998       0x18 C:/devkitPro/libnds/lib\libfat.a(directory.o)
 .text._FAT_directory_ucs2tombs.constprop.6
                0x000000000200f9b0       0x98 C:/devkitPro/libnds/lib\libfat.a(directory.o)
 .text._FAT_directory_entryGetCluster
                0x000000000200fa48       0x1c C:/devkitPro/libnds/lib\libfat.a(directory.o)
                0x000000000200fa48                _FAT_directory_entryGetCluster
 .text._FAT_directory_getNextEntry
                0x000000000200fa64      0x1fc C:/devkitPro/libnds/lib\libfat.a(directory.o)
                0x000000000200fa64                _FAT_directory_getNextEntry
 .text._FAT_directory_entryExists
                0x000000000200fc60       0x80 C:/devkitPro/libnds/lib\libfat.a(directory.o)
 .text._FAT_directory_getFirstEntry
                0x000000000200fce0       0x20 C:/devkitPro/libnds/lib\libfat.a(directory.o)
                0x000000000200fce0                _FAT_directory_getFirstEntry
 .text._FAT_directory_getRootEntry
                0x000000000200fd00       0x60 C:/devkitPro/libnds/lib\libfat.a(directory.o)
                0x000000000200fd00                _FAT_directory_getRootEntry
 .text._FAT_directory_entryFromPosition
                0x000000000200fd60      0x168 C:/devkitPro/libnds/lib\libfat.a(directory.o)
                0x000000000200fd60                _FAT_directory_entryFromPosition
 .text._FAT_directory_entryFromPath
                0x000000000200fec8      0x214 C:/devkitPro/libnds/lib\libfat.a(directory.o)
                0x000000000200fec8                _FAT_directory_entryFromPath
 .text._FAT_directory_removeEntry
                0x00000000020100dc       0xe0 C:/devkitPro/libnds/lib\libfat.a(directory.o)
                0x00000000020100dc                _FAT_directory_removeEntry
 .text._FAT_directory_addEntry
                0x00000000020101bc      0x7e0 C:/devkitPro/libnds/lib\libfat.a(directory.o)
                0x00000000020101bc                _FAT_directory_addEntry
 .text._FAT_directory_chdir
                0x000000000201099c       0x44 C:/devkitPro/libnds/lib\libfat.a(directory.o)
                0x000000000201099c                _FAT_directory_chdir
 .text._FAT_directory_entryStat
                0x00000000020109e0       0xdc C:/devkitPro/libnds/lib\libfat.a(directory.o)
                0x00000000020109e0                _FAT_directory_entryStat
 .text.isValidMBR
                0x0000000002010abc       0x5c C:/devkitPro/libnds/lib\libfat.a(partition.o)
 .text._FAT_updateFS_INFO
                0x0000000002010b18       0x54 C:/devkitPro/libnds/lib\libfat.a(partition.o)
 .text._FAT_partition_createFSinfo.part.4
                0x0000000002010b6c       0x40 C:/devkitPro/libnds/lib\libfat.a(partition.o)
 .text._FAT_partition_readFSinfo.part.5
                0x0000000002010bac       0x94 C:/devkitPro/libnds/lib\libfat.a(partition.o)
 .text.FindFirstValidPartition_buf
                0x0000000002010c40      0x11c C:/devkitPro/libnds/lib\libfat.a(partition.o)
                0x0000000002010c40                FindFirstValidPartition_buf
 .text._FAT_partition_constructor_buf
                0x0000000002010d5c      0x2d4 C:/devkitPro/libnds/lib\libfat.a(partition.o)
                0x0000000002010d5c                _FAT_partition_constructor_buf
 .text._FAT_partition_constructor
                0x0000000002011030       0x40 C:/devkitPro/libnds/lib\libfat.a(partition.o)
                0x0000000002011030                _FAT_partition_constructor
 .text._FAT_partition_getPartitionFromPath
                0x0000000002011070       0x14 C:/devkitPro/libnds/lib\libfat.a(partition.o)
                0x0000000002011070                _FAT_partition_getPartitionFromPath
 .text._FAT_partition_readFSinfo
                0x0000000002011084       0x10 C:/devkitPro/libnds/lib\libfat.a(partition.o)
                0x0000000002011084                _FAT_partition_readFSinfo
 .text._FAT_lock_init
                0x0000000002011094        0x4 C:/devkitPro/libnds/lib\libfat.a(lock.o)
                0x0000000002011094                _FAT_lock_init
 .text._FAT_lock
                0x0000000002011098        0x4 C:/devkitPro/libnds/lib\libfat.a(lock.o)
                0x0000000002011098                _FAT_lock
 .text._FAT_unlock
                0x000000000201109c        0x4 C:/devkitPro/libnds/lib\libfat.a(lock.o)
                0x000000000201109c                _FAT_unlock
 .text._FAT_filetime_getTimeFromRTC
                0x00000000020110a0       0x44 C:/devkitPro/libnds/lib\libfat.a(filetime.o)
                0x00000000020110a0                _FAT_filetime_getTimeFromRTC
 .text._FAT_filetime_getDateFromRTC
                0x00000000020110e4       0x44 C:/devkitPro/libnds/lib\libfat.a(filetime.o)
                0x00000000020110e4                _FAT_filetime_getDateFromRTC
 .text._FAT_filetime_to_time_t
                0x0000000002011128       0x38 C:/devkitPro/libnds/lib\libfat.a(filetime.o)
                0x0000000002011128                _FAT_filetime_to_time_t
 .text._FAT_fat_writeFatEntry.part.0
                0x0000000002011160      0x134 C:/devkitPro/libnds/lib\libfat.a(file_allocation_table.o)
 .text._FAT_fat_nextCluster
                0x0000000002011294      0x104 C:/devkitPro/libnds/lib\libfat.a(file_allocation_table.o)
                0x0000000002011294                _FAT_fat_nextCluster
 .text._FAT_fat_clearLinks.part.1
                0x0000000002011398       0x60 C:/devkitPro/libnds/lib\libfat.a(file_allocation_table.o)
 .text._FAT_fat_linkFreeCluster
                0x00000000020113f8       0xa8 C:/devkitPro/libnds/lib\libfat.a(file_allocation_table.o)
                0x00000000020113f8                _FAT_fat_linkFreeCluster
 .text._FAT_fat_linkFreeClusterCleared
                0x00000000020114a0       0x68 C:/devkitPro/libnds/lib\libfat.a(file_allocation_table.o)
                0x00000000020114a0                _FAT_fat_linkFreeClusterCleared
 .text._FAT_fat_clearLinks
                0x0000000002011508       0x18 C:/devkitPro/libnds/lib\libfat.a(file_allocation_table.o)
                0x0000000002011508                _FAT_fat_clearLinks
 .text._FAT_fat_trimChain
                0x0000000002011520       0xac C:/devkitPro/libnds/lib\libfat.a(file_allocation_table.o)
                0x0000000002011520                _FAT_fat_trimChain
 .text._FAT_fat_lastCluster
                0x00000000020115cc       0x34 C:/devkitPro/libnds/lib\libfat.a(file_allocation_table.o)
                0x00000000020115cc                _FAT_fat_lastCluster
 .text._FAT_fat_freeClusterCount
                0x0000000002011600       0x2c C:/devkitPro/libnds/lib\libfat.a(file_allocation_table.o)
                0x0000000002011600                _FAT_fat_freeClusterCount
 .text.setBrightness
                0x000000000201162c       0x40 C:/devkitPro/libnds/lib\libnds9.a(video.o)
                0x000000000201162c                setBrightness
 .text.vramDefault
                0x000000000201166c       0xd0 C:/devkitPro/libnds/lib\libnds9.a(video.o)
                0x000000000201166c                vramDefault
 .text.touchRead
                0x000000000201173c       0x24 C:/devkitPro/libnds/lib\libnds9.a(touch.o)
                0x000000000201173c                touchRead
 .text.newRow   0x0000000002011760       0xb4 C:/devkitPro/libnds/lib\libnds9.a(console.o)
 .text.consolePrintChar
                0x0000000002011814       0xec C:/devkitPro/libnds/lib\libnds9.a(console.o)
                0x0000000002011814                consolePrintChar
 .text.consoleCls
                0x0000000002011900       0xe0 C:/devkitPro/libnds/lib\libnds9.a(console.o)
 .text.consoleLoadFont
                0x00000000020119e0      0x280 C:/devkitPro/libnds/lib\libnds9.a(console.o)
                0x00000000020119e0                consoleLoadFont
 .text.consoleInit
                0x0000000002011c60      0x15c C:/devkitPro/libnds/lib\libnds9.a(console.o)
                0x0000000002011c60                consoleInit
 .text.consoleDemoInit
                0x0000000002011dbc       0x40 C:/devkitPro/libnds/lib\libnds9.a(console.o)
                0x0000000002011dbc                consoleDemoInit
 .text.con_write
                0x0000000002011dfc      0x27c C:/devkitPro/libnds/lib\libnds9.a(console.o)
                0x0000000002011dfc                con_write
 .text.consoleClear
                0x0000000002012078       0x10 C:/devkitPro/libnds/lib\libnds9.a(console.o)
                0x0000000002012078                consoleClear
 .text.oamInit  0x0000000002012088      0x11c C:/devkitPro/libnds/lib\libnds9.a(sprite.o)
                0x0000000002012088                oamInit
 .text.oamGfxPtrToOffset
                0x00000000020121a4       0x34 C:/devkitPro/libnds/lib\libnds9.a(sprite.o)
                0x00000000020121a4                oamGfxPtrToOffset
 .text.oamSet   0x00000000020121d8      0x148 C:/devkitPro/libnds/lib\libnds9.a(sprite.o)
                0x00000000020121d8                oamSet
 .text.oamUpdate
                0x0000000002012320       0x60 C:/devkitPro/libnds/lib\libnds9.a(sprite.o)
                0x0000000002012320                oamUpdate
 .text.oamRotateScale
                0x0000000002012380       0x58 C:/devkitPro/libnds/lib\libnds9.a(sprite.o)
                0x0000000002012380                oamRotateScale
 .text.scanKeys
                0x00000000020123d8       0x8c C:/devkitPro/libnds/lib\libnds9.a(keys.o)
                0x00000000020123d8                scanKeys
 .text.keysHeld
                0x0000000002012464        0xc C:/devkitPro/libnds/lib\libnds9.a(keys.o)
                0x0000000002012464                keysHeld
 .text.dldiGetInternal
                0x0000000002012470       0x34 C:/devkitPro/libnds/lib\libnds9.a(dldi.o)
                0x0000000002012470                dldiGetInternal
 .text.get_io_dsisd
                0x00000000020124a4       0x24 C:/devkitPro/libnds/lib\libnds9.a(dldi.o)
                0x00000000020124a4                get_io_dsisd
 .text.initSystem
                0x00000000020124c8      0x198 C:/devkitPro/libnds/lib\libnds9.a(initSystem.o)
                0x00000000020124c8                initSystem
 .text.__libnds_gtod
                0x0000000002012660       0x28 C:/devkitPro/libnds/lib\libnds9.a(timeSupport.o)
                0x0000000002012660                __libnds_gtod
 .text.irqDummy
                0x0000000002012688        0x4 C:/devkitPro/libnds/lib\libnds9.a(interrupts.o)
                0x0000000002012688                irqDummy
 .text.irqSet   0x000000000201268c       0x6c C:/devkitPro/libnds/lib\libnds9.a(interrupts.o)
                0x000000000201268c                irqSet
 .text.irqInit  0x00000000020126f8       0x50 C:/devkitPro/libnds/lib\libnds9.a(interrupts.o)
                0x00000000020126f8                irqInit
 .text.irqEnable
                0x0000000002012748       0x64 C:/devkitPro/libnds/lib\libnds9.a(interrupts.o)
                0x0000000002012748                irqEnable
 .text.systemErrorExit
                0x00000000020127ac        0x4 C:/devkitPro/libnds/lib\libnds9.a(libnds_exit.arm.o)
                0x00000000020127ac                systemErrorExit
 .text.__libnds_exit
                0x00000000020127b0       0x5c C:/devkitPro/libnds/lib\libnds9.a(libnds_exit.arm.o)
                0x00000000020127b0                __libnds_exit
 .text.cardPolledTransfer
                0x000000000201280c       0x54 C:/devkitPro/libnds/lib\libnds9.a(card.o)
                0x000000000201280c                cardPolledTransfer
 .text.cardParamCommand
                0x0000000002012860       0x34 C:/devkitPro/libnds/lib\libnds9.a(card.o)
                0x0000000002012860                cardParamCommand
 .text.fifo_waitBlock
                0x0000000002012894       0x80 C:/devkitPro/libnds/lib\libnds9.a(fifosystem.o)
 .text.fifo_queueBlock
                0x0000000002012914       0x40 C:/devkitPro/libnds/lib\libnds9.a(fifosystem.o)
 .text.fifoInternalSendInterrupt
                0x0000000002012954       0xac C:/devkitPro/libnds/lib\libnds9.a(fifosystem.o)
 .text.fifoInternalSend.part.2
                0x0000000002012a00       0xd4 C:/devkitPro/libnds/lib\libnds9.a(fifosystem.o)
 .text.fifoGetValue32.part.3
                0x0000000002012ad4       0x74 C:/devkitPro/libnds/lib\libnds9.a(fifosystem.o)
 .text.fifoSetValue32Handler
                0x0000000002012b48       0x78 C:/devkitPro/libnds/lib\libnds9.a(fifosystem.o)
                0x0000000002012b48                fifoSetValue32Handler
 .text.fifoSendValue32
                0x0000000002012bc0       0x4c C:/devkitPro/libnds/lib\libnds9.a(fifosystem.o)
                0x0000000002012bc0                fifoSendValue32
 .text.fifoSendDatamsg
                0x0000000002012c0c       0x90 C:/devkitPro/libnds/lib\libnds9.a(fifosystem.o)
                0x0000000002012c0c                fifoSendDatamsg
 .text.fifoGetValue32
                0x0000000002012c9c       0x10 C:/devkitPro/libnds/lib\libnds9.a(fifosystem.o)
                0x0000000002012c9c                fifoGetValue32
 .text.fifoGetDatamsg
                0x0000000002012cac      0x138 C:/devkitPro/libnds/lib\libnds9.a(fifosystem.o)
                0x0000000002012cac                fifoGetDatamsg
 .text.fifoInternalRecvInterrupt
                0x0000000002012de4      0x3dc C:/devkitPro/libnds/lib\libnds9.a(fifosystem.o)
 .text.fifoSetDatamsgHandler
                0x00000000020131c0       0x9c C:/devkitPro/libnds/lib\libnds9.a(fifosystem.o)
                0x00000000020131c0                fifoSetDatamsgHandler
 .text.fifoCheckValue32
                0x000000000201325c       0x24 C:/devkitPro/libnds/lib\libnds9.a(fifosystem.o)
                0x000000000201325c                fifoCheckValue32
 .text.fifoInit
                0x0000000002013280      0x104 C:/devkitPro/libnds/lib\libnds9.a(fifosystem.o)
                0x0000000002013280                fifoInit
 .text.DC_FlushRange
                0x0000000002013384       0x24 C:/devkitPro/libnds/lib\libnds9.a(dcache.o)
                0x0000000002013384                DC_FlushRange
 .text.DC_InvalidateRange
                0x00000000020133a8       0x2c C:/devkitPro/libnds/lib\libnds9.a(dcache.o)
                0x00000000020133a8                DC_InvalidateRange
 .text.__libnds_mpu_setup
                0x00000000020133d4      0x174 C:/devkitPro/libnds/lib\libnds9.a(mpu_setup.o)
                0x00000000020133d4                __libnds_mpu_setup
 .text.memUncached
                0x0000000002013548       0x20 C:/devkitPro/libnds/lib\libnds9.a(mpu_setup.o)
                0x0000000002013548                memUncached
 .text.swiWaitForVBlank
                0x0000000002013568        0x8 C:/devkitPro/libnds/lib\libnds9.a(IntrWait.o)
                0x0000000002013568                swiWaitForVBlank
 .text.swiIntrWait
                0x0000000002013570       0x70 C:/devkitPro/libnds/lib\libnds9.a(IntrWait.o)
                0x0000000002013570                swiIntrWait
 .text.setCpuClock
                0x00000000020135e0       0x50 C:/devkitPro/libnds/lib\libnds9.a(cpu_clock.o)
                0x00000000020135e0                setCpuClock
 .text.swiSoftReset
                0x0000000002013630       0x2c C:/devkitPro/libnds/lib\libnds9.a(swiSoftReset.o)
                0x0000000002013630                swiSoftReset
 .text.swiDelay
                0x000000000201365c        0x4 C:/devkitPro/libnds/lib\libnds9.a(biosCalls.o)
                0x000000000201365c                swiDelay
 .text.checkIfText.part.0
                0x0000000002013660       0x40 C:/devkitPro/libnds/lib\libnds9.a(background.o)
 .text.bgUpdate
                0x00000000020136a0      0x104 C:/devkitPro/libnds/lib\libnds9.a(background.o)
                0x00000000020136a0                bgUpdate
 .text.bgInit_call
                0x00000000020137a4      0x110 C:/devkitPro/libnds/lib\libnds9.a(background.o)
                0x00000000020137a4                bgInit_call
 .text.bgInitSub_call
                0x00000000020138b4       0xf4 C:/devkitPro/libnds/lib\libnds9.a(background.o)
                0x00000000020138b4                bgInitSub_call
 .text.oamAllocReset
                0x00000000020139a8       0x1c C:/devkitPro/libnds/lib\libnds9.a(sprite_alloc.o)
                0x00000000020139a8                oamAllocReset
 .text.systemValueHandler
                0x00000000020139c4       0x48 C:/devkitPro/libnds/lib\libnds9.a(system.o)
                0x00000000020139c4                systemValueHandler
 .text.systemMsgHandler
                0x0000000002013a0c       0x5c C:/devkitPro/libnds/lib\libnds9.a(system.o)
                0x0000000002013a0c                systemMsgHandler
 .text.powerOn  0x0000000002013a68       0x2c C:/devkitPro/libnds/lib\libnds9.a(system.o)
                0x0000000002013a68                powerOn
 .text.sinLutLookup
                0x0000000002013a94       0x3c C:/devkitPro/libnds/lib\libnds9.a(trig.o)
                0x0000000002013a94                sinLutLookup
 .text.sinLerp  0x0000000002013ad0       0x44 C:/devkitPro/libnds/lib\libnds9.a(trig.o)
                0x0000000002013ad0                sinLerp
 .text.cosLerp  0x0000000002013b14       0x14 C:/devkitPro/libnds/lib\libnds9.a(trig.o)
                0x0000000002013b14                cosLerp
 .text.__muldi3
                0x0000000002013b28       0x54 c:/devkitpro/devkitarm/bin/../lib/gcc/arm-none-eabi/9.1.0/thumb\libgcc.a(_muldi3.o)
                0x0000000002013b28                __muldi3
                0x0000000002013b28                __aeabi_lmul
 .text.__udivmoddi4
                0x0000000002013b7c      0x19c c:/devkitpro/devkitarm/bin/../lib/gcc/arm-none-eabi/9.1.0/thumb\libgcc.a(_udivmoddi4.o)
                0x0000000002013b7c                __udivmoddi4
 .text.calloc   0x0000000002013d18       0x18 c:/devkitpro/devkitarm/bin/../lib/gcc/arm-none-eabi/9.1.0/../../../../arm-none-eabi/lib/thumb\libg.a(lib_a-calloc.o)
                0x0000000002013d18                calloc
 .text._calloc_r
                0x0000000002013d30       0x60 c:/devkitpro/devkitarm/bin/../lib/gcc/arm-none-eabi/9.1.0/../../../../arm-none-eabi/lib/thumb\libg.a(lib_a-callocr.o)
                0x0000000002013d30                _calloc_r
 .text._fclose_r
                0x0000000002013d90       0xe8 c:/devkitpro/devkitarm/bin/../lib/gcc/arm-none-eabi/9.1.0/../../../../arm-none-eabi/lib/thumb\libg.a(lib_a-fclose.o)
                0x0000000002013d90                _fclose_r
 .text.fclose   0x0000000002013e78       0x14 c:/devkitpro/devkitarm/bin/../lib/gcc/arm-none-eabi/9.1.0/../../../../arm-none-eabi/lib/thumb\libg.a(lib_a-fclose.o)
                0x0000000002013e78                fclose
 .text.__sflush_r
                0x0000000002013e8c      0x1c0 c:/devkitpro/devkitarm/bin/../lib/gcc/arm-none-eabi/9.1.0/../../../../arm-none-eabi/lib/thumb\libg.a(lib_a-fflush.o)
                0x0000000002013e8c                __sflush_r
 .text._fflush_r
                0x000000000201404c       0x70 c:/devkitpro/devkitarm/bin/../lib/gcc/arm-none-eabi/9.1.0/../../../../arm-none-eabi/lib/thumb\libg.a(lib_a-fflush.o)
                0x000000000201404c                _fflush_r
 .text.fflush   0x00000000020140bc       0x2c c:/devkitpro/devkitarm/bin/../lib/gcc/arm-none-eabi/9.1.0/../../../../arm-none-eabi/lib/thumb\libg.a(lib_a-fflush.o)
                0x00000000020140bc                fflush
 .text.std      0x00000000020140e8       0x54 c:/devkitpro/devkitarm/bin/../lib/gcc/arm-none-eabi/9.1.0/../../../../arm-none-eabi/lib/thumb\libg.a(lib_a-findfp.o)
 .text._cleanup_r
                0x000000000201413c       0x14 c:/devkitpro/devkitarm/bin/../lib/gcc/arm-none-eabi/9.1.0/../../../../arm-none-eabi/lib/thumb\libg.a(lib_a-findfp.o)
                0x000000000201413c                _cleanup_r
 .text.__sfmoreglue
                0x0000000002014150       0x34 c:/devkitpro/devkitarm/bin/../lib/gcc/arm-none-eabi/9.1.0/../../../../arm-none-eabi/lib/thumb\libg.a(lib_a-findfp.o)
                0x0000000002014150                __sfmoreglue
 .text.__sinit  0x0000000002014184       0x64 c:/devkitpro/devkitarm/bin/../lib/gcc/arm-none-eabi/9.1.0/../../../../arm-none-eabi/lib/thumb\libg.a(lib_a-findfp.o)
                0x0000000002014184                __sinit
 .text.__sfp    0x00000000020141e8       0xb4 c:/devkitpro/devkitarm/bin/../lib/gcc/arm-none-eabi/9.1.0/../../../../arm-none-eabi/lib/thumb\libg.a(lib_a-findfp.o)
                0x00000000020141e8                __sfp
 .text.__sfp_lock_acquire
                0x000000000201429c       0x14 c:/devkitpro/devkitarm/bin/../lib/gcc/arm-none-eabi/9.1.0/../../../../arm-none-eabi/lib/thumb\libg.a(lib_a-findfp.o)
                0x000000000201429c                __sfp_lock_acquire
 .text.__sfp_lock_release
                0x00000000020142b0       0x14 c:/devkitpro/devkitarm/bin/../lib/gcc/arm-none-eabi/9.1.0/../../../../arm-none-eabi/lib/thumb\libg.a(lib_a-findfp.o)
                0x00000000020142b0                __sfp_lock_release
 .text._fopen_r
                0x00000000020142c4       0xb8 c:/devkitpro/devkitarm/bin/../lib/gcc/arm-none-eabi/9.1.0/../../../../arm-none-eabi/lib/thumb\libg.a(lib_a-fopen.o)
                0x00000000020142c4                _fopen_r
 .text.fopen    0x000000000201437c       0x18 c:/devkitpro/devkitarm/bin/../lib/gcc/arm-none-eabi/9.1.0/../../../../arm-none-eabi/lib/thumb\libg.a(lib_a-fopen.o)
                0x000000000201437c                fopen
 .text._fread_r
                0x0000000002014394      0x1fc c:/devkitpro/devkitarm/bin/../lib/gcc/arm-none-eabi/9.1.0/../../../../arm-none-eabi/lib/thumb\libg.a(lib_a-fread.o)
                0x0000000002014394                _fread_r
 .text.fread    0x0000000002014590       0x24 c:/devkitpro/devkitarm/bin/../lib/gcc/arm-none-eabi/9.1.0/../../../../arm-none-eabi/lib/thumb\libg.a(lib_a-fread.o)
                0x0000000002014590                fread
 .text._malloc_trim_r
                0x00000000020145b4       0xa0 c:/devkitpro/devkitarm/bin/../lib/gcc/arm-none-eabi/9.1.0/../../../../arm-none-eabi/lib/thumb\libg.a(lib_a-freer.o)
                0x00000000020145b4                _malloc_trim_r
 .text._free_r  0x0000000002014654      0x1e0 c:/devkitpro/devkitarm/bin/../lib/gcc/arm-none-eabi/9.1.0/../../../../arm-none-eabi/lib/thumb\libg.a(lib_a-freer.o)
                0x0000000002014654                _free_r
 .text._fseek_r
                0x0000000002014834       0x18 c:/devkitpro/devkitarm/bin/../lib/gcc/arm-none-eabi/9.1.0/../../../../arm-none-eabi/lib/thumb\libg.a(lib_a-fseek.o)
                0x0000000002014834                _fseek_r
 .text.fseek    0x000000000201484c       0x24 c:/devkitpro/devkitarm/bin/../lib/gcc/arm-none-eabi/9.1.0/../../../../arm-none-eabi/lib/thumb\libg.a(lib_a-fseek.o)
                0x000000000201484c                fseek
 .text._fseeko_r
                0x0000000002014870      0x414 c:/devkitpro/devkitarm/bin/../lib/gcc/arm-none-eabi/9.1.0/../../../../arm-none-eabi/lib/thumb\libg.a(lib_a-fseeko.o)
                0x0000000002014870                _fseeko_r
 .text.ftell    0x0000000002014c84       0x24 c:/devkitpro/devkitarm/bin/../lib/gcc/arm-none-eabi/9.1.0/../../../../arm-none-eabi/lib/thumb\libg.a(lib_a-ftell.o)
                0x0000000002014c84                ftell
 .text._ftello_r
                0x0000000002014ca8      0x124 c:/devkitpro/devkitarm/bin/../lib/gcc/arm-none-eabi/9.1.0/../../../../arm-none-eabi/lib/thumb\libg.a(lib_a-ftello.o)
                0x0000000002014ca8                _ftello_r
 .text._fwalk   0x0000000002014dcc       0x48 c:/devkitpro/devkitarm/bin/../lib/gcc/arm-none-eabi/9.1.0/../../../../arm-none-eabi/lib/thumb\libg.a(lib_a-fwalk.o)
                0x0000000002014dcc                _fwalk
 .text._fwalk_reent
                0x0000000002014e14       0x50 c:/devkitpro/devkitarm/bin/../lib/gcc/arm-none-eabi/9.1.0/../../../../arm-none-eabi/lib/thumb\libg.a(lib_a-fwalk.o)
                0x0000000002014e14                _fwalk_reent
 .text.__libc_init_array
                0x0000000002014e64       0x50 c:/devkitpro/devkitarm/bin/../lib/gcc/arm-none-eabi/9.1.0/../../../../arm-none-eabi/lib/thumb\libg.a(lib_a-init.o)
                0x0000000002014e64                __libc_init_array
 .text.iprintf  0x0000000002014eb4       0x24 c:/devkitpro/devkitarm/bin/../lib/gcc/arm-none-eabi/9.1.0/../../../../arm-none-eabi/lib/thumb\libg.a(lib_a-iprintf.o)
                0x0000000002014eb4                iprintf
 .text.localtime_r
                0x0000000002014ed8      0x244 c:/devkitpro/devkitarm/bin/../lib/gcc/arm-none-eabi/9.1.0/../../../../arm-none-eabi/lib/thumb\libg.a(lib_a-lcltime_r.o)
                0x0000000002014ed8                localtime_r
 .text.__locale_mb_cur_max
                0x000000000201511c       0x10 c:/devkitpro/devkitarm/bin/../lib/gcc/arm-none-eabi/9.1.0/../../../../arm-none-eabi/lib/thumb\libg.a(lib_a-locale.o)
                0x000000000201511c                __locale_mb_cur_max
 .text.__swhatbuf_r
                0x000000000201512c       0x64 c:/devkitpro/devkitarm/bin/../lib/gcc/arm-none-eabi/9.1.0/../../../../arm-none-eabi/lib/thumb\libg.a(lib_a-makebuf.o)
                0x000000000201512c                __swhatbuf_r
 .text.__smakebuf_r
                0x0000000002015190       0x98 c:/devkitpro/devkitarm/bin/../lib/gcc/arm-none-eabi/9.1.0/../../../../arm-none-eabi/lib/thumb\libg.a(lib_a-makebuf.o)
                0x0000000002015190                __smakebuf_r
 .text.malloc   0x0000000002015228       0x14 c:/devkitpro/devkitarm/bin/../lib/gcc/arm-none-eabi/9.1.0/../../../../arm-none-eabi/lib/thumb\libg.a(lib_a-malloc.o)
                0x0000000002015228                malloc
 .text.free     0x000000000201523c       0x14 c:/devkitpro/devkitarm/bin/../lib/gcc/arm-none-eabi/9.1.0/../../../../arm-none-eabi/lib/thumb\libg.a(lib_a-malloc.o)
                0x000000000201523c                free
 .text._malloc_r
                0x0000000002015250      0x59c c:/devkitpro/devkitarm/bin/../lib/gcc/arm-none-eabi/9.1.0/../../../../arm-none-eabi/lib/thumb\libg.a(lib_a-mallocr.o)
                0x0000000002015250                _malloc_r
 .text._mbrtowc_r
                0x00000000020157ec       0x60 c:/devkitpro/devkitarm/bin/../lib/gcc/arm-none-eabi/9.1.0/../../../../arm-none-eabi/lib/thumb\libg.a(lib_a-mbrtowc.o)
                0x00000000020157ec                _mbrtowc_r
 .text.mbrtowc  0x000000000201584c       0x80 c:/devkitpro/devkitarm/bin/../lib/gcc/arm-none-eabi/9.1.0/../../../../arm-none-eabi/lib/thumb\libg.a(lib_a-mbrtowc.o)
                0x000000000201584c                mbrtowc
 .text.mbsrtowcs
                0x00000000020158cc       0x28 c:/devkitpro/devkitarm/bin/../lib/gcc/arm-none-eabi/9.1.0/../../../../arm-none-eabi/lib/thumb\libg.a(lib_a-mbsrtowcs.o)
                0x00000000020158cc                mbsrtowcs
 .text.__utf8_mbtowc
                0x00000000020158f4      0x280 c:/devkitpro/devkitarm/bin/../lib/gcc/arm-none-eabi/9.1.0/../../../../arm-none-eabi/lib/thumb\libg.a(lib_a-mbtowc_r.o)
                0x00000000020158f4                __utf8_mbtowc
 .text.memcmp   0x0000000002015b74       0x4c c:/devkitpro/devkitarm/bin/../lib/gcc/arm-none-eabi/9.1.0/../../../../arm-none-eabi/lib/thumb\libg.a(lib_a-memcmp.o)
                0x0000000002015b74                memcmp
 .text.memcpy   0x0000000002015bc0       0xa8 c:/devkitpro/devkitarm/bin/../lib/gcc/arm-none-eabi/9.1.0/../../../../arm-none-eabi/lib/thumb\libg.a(lib_a-memcpy-stub.o)
                0x0000000002015bc0                memcpy
 .text.memmove  0x0000000002015c68       0xb0 c:/devkitpro/devkitarm/bin/../lib/gcc/arm-none-eabi/9.1.0/../../../../arm-none-eabi/lib/thumb\libg.a(lib_a-memmove.o)
                0x0000000002015c68                memmove
 .text.memset   0x0000000002015d18       0xb0 c:/devkitpro/devkitarm/bin/../lib/gcc/arm-none-eabi/9.1.0/../../../../arm-none-eabi/lib/thumb\libg.a(lib_a-memset.o)
                0x0000000002015d18                memset
 .text.validate_structure
                0x0000000002015dc8      0x1e0 c:/devkitpro/devkitarm/bin/../lib/gcc/arm-none-eabi/9.1.0/../../../../arm-none-eabi/lib/thumb\libg.a(lib_a-mktime.o)
 .text.mktime   0x0000000002015fa8      0x450 c:/devkitpro/devkitarm/bin/../lib/gcc/arm-none-eabi/9.1.0/../../../../arm-none-eabi/lib/thumb\libg.a(lib_a-mktime.o)
                0x0000000002015fa8                mktime
 .text.__malloc_lock
                0x00000000020163f8       0x14 c:/devkitpro/devkitarm/bin/../lib/gcc/arm-none-eabi/9.1.0/../../../../arm-none-eabi/lib/thumb\libg.a(lib_a-mlock.o)
                0x00000000020163f8                __malloc_lock
 .text.__malloc_unlock
                0x000000000201640c       0x14 c:/devkitpro/devkitarm/bin/../lib/gcc/arm-none-eabi/9.1.0/../../../../arm-none-eabi/lib/thumb\libg.a(lib_a-mlock.o)
                0x000000000201640c                __malloc_unlock
 .text.srand    0x0000000002016420       0x18 c:/devkitpro/devkitarm/bin/../lib/gcc/arm-none-eabi/9.1.0/../../../../arm-none-eabi/lib/thumb\libg.a(lib_a-rand.o)
                0x0000000002016420                srand
 .text.rand     0x0000000002016438       0x34 c:/devkitpro/devkitarm/bin/../lib/gcc/arm-none-eabi/9.1.0/../../../../arm-none-eabi/lib/thumb\libg.a(lib_a-rand.o)
                0x0000000002016438                rand
 .text.realloc  0x000000000201646c       0x18 c:/devkitpro/devkitarm/bin/../lib/gcc/arm-none-eabi/9.1.0/../../../../arm-none-eabi/lib/thumb\libg.a(lib_a-realloc.o)
                0x000000000201646c                realloc
 .text._realloc_r
                0x0000000002016484      0x38c c:/devkitpro/devkitarm/bin/../lib/gcc/arm-none-eabi/9.1.0/../../../../arm-none-eabi/lib/thumb\libg.a(lib_a-reallocr.o)
                0x0000000002016484                _realloc_r
 .text.lflush   0x0000000002016810       0x20 c:/devkitpro/devkitarm/bin/../lib/gcc/arm-none-eabi/9.1.0/../../../../arm-none-eabi/lib/thumb\libg.a(lib_a-refill.o)
 .text.__srefill_r
                0x0000000002016830      0x118 c:/devkitpro/devkitarm/bin/../lib/gcc/arm-none-eabi/9.1.0/../../../../arm-none-eabi/lib/thumb\libg.a(lib_a-refill.o)
                0x0000000002016830                __srefill_r
 .text.rewind   0x0000000002016948       0x20 c:/devkitpro/devkitarm/bin/../lib/gcc/arm-none-eabi/9.1.0/../../../../arm-none-eabi/lib/thumb\libg.a(lib_a-rewind.o)
                0x0000000002016948                rewind
 .text.setvbuf  0x0000000002016968      0x1ac c:/devkitpro/devkitarm/bin/../lib/gcc/arm-none-eabi/9.1.0/../../../../arm-none-eabi/lib/thumb\libg.a(lib_a-setvbuf.o)
                0x0000000002016968                setvbuf
 .text.siscanf  0x0000000002016b14       0x4c c:/devkitpro/devkitarm/bin/../lib/gcc/arm-none-eabi/9.1.0/../../../../arm-none-eabi/lib/thumb\libg.a(lib_a-siscanf.o)
                0x0000000002016b14                siscanf
 .text.sprintf  0x0000000002016b60       0x40 c:/devkitpro/devkitarm/bin/../lib/gcc/arm-none-eabi/9.1.0/../../../../arm-none-eabi/lib/thumb\libg.a(lib_a-sprintf.o)
                0x0000000002016b60                sprintf
 .text.__sread  0x0000000002016ba0       0x34 c:/devkitpro/devkitarm/bin/../lib/gcc/arm-none-eabi/9.1.0/../../../../arm-none-eabi/lib/thumb\libg.a(lib_a-stdio.o)
                0x0000000002016ba0                __sread
 .text.__seofread
                0x0000000002016bd4        0x4 c:/devkitpro/devkitarm/bin/../lib/gcc/arm-none-eabi/9.1.0/../../../../arm-none-eabi/lib/thumb\libg.a(lib_a-stdio.o)
                0x0000000002016bd4                __seofread
 .text.__swrite
                0x0000000002016bd8       0x54 c:/devkitpro/devkitarm/bin/../lib/gcc/arm-none-eabi/9.1.0/../../../../arm-none-eabi/lib/thumb\libg.a(lib_a-stdio.o)
                0x0000000002016bd8                __swrite
 .text.__sseek  0x0000000002016c2c       0x40 c:/devkitpro/devkitarm/bin/../lib/gcc/arm-none-eabi/9.1.0/../../../../arm-none-eabi/lib/thumb\libg.a(lib_a-stdio.o)
                0x0000000002016c2c                __sseek
 .text.__sclose
                0x0000000002016c6c       0x10 c:/devkitpro/devkitarm/bin/../lib/gcc/arm-none-eabi/9.1.0/../../../../arm-none-eabi/lib/thumb\libg.a(lib_a-stdio.o)
                0x0000000002016c6c                __sclose
 .text.stpcpy   0x0000000002016c7c       0x50 c:/devkitpro/devkitarm/bin/../lib/gcc/arm-none-eabi/9.1.0/../../../../arm-none-eabi/lib/thumb\libg.a(lib_a-stpcpy.o)
                0x0000000002016c7c                stpcpy
 .text.strcasecmp
                0x0000000002016ccc       0x48 c:/devkitpro/devkitarm/bin/../lib/gcc/arm-none-eabi/9.1.0/../../../../arm-none-eabi/lib/thumb\libg.a(lib_a-strcasecmp.o)
                0x0000000002016ccc                strcasecmp
 .text.strchr   0x0000000002016d14       0xc8 c:/devkitpro/devkitarm/bin/../lib/gcc/arm-none-eabi/9.1.0/../../../../arm-none-eabi/lib/thumb\libg.a(lib_a-strchr.o)
                0x0000000002016d14                strchr
 .text.strcpy   0x0000000002016ddc       0x10 c:/devkitpro/devkitarm/bin/../lib/gcc/arm-none-eabi/9.1.0/../../../../arm-none-eabi/lib/thumb\libg.a(lib_a-strcpy.o)
                0x0000000002016ddc                strcpy
 .text.strdup   0x0000000002016dec       0x14 c:/devkitpro/devkitarm/bin/../lib/gcc/arm-none-eabi/9.1.0/../../../../arm-none-eabi/lib/thumb\libg.a(lib_a-strdup.o)
                0x0000000002016dec                strdup
 .text._strdup_r
                0x0000000002016e00       0x2c c:/devkitpro/devkitarm/bin/../lib/gcc/arm-none-eabi/9.1.0/../../../../arm-none-eabi/lib/thumb\libg.a(lib_a-strdup_r.o)
                0x0000000002016e00                _strdup_r
 .text.strlen   0x0000000002016e2c       0x60 c:/devkitpro/devkitarm/bin/../lib/gcc/arm-none-eabi/9.1.0/../../../../arm-none-eabi/lib/thumb\libg.a(lib_a-strlen-stub.o)
                0x0000000002016e2c                strlen
 .text.strncasecmp
                0x0000000002016e8c       0x54 c:/devkitpro/devkitarm/bin/../lib/gcc/arm-none-eabi/9.1.0/../../../../arm-none-eabi/lib/thumb\libg.a(lib_a-strncasecmp.o)
                0x0000000002016e8c                strncasecmp
 .text.strncmp  0x0000000002016ee0       0x78 c:/devkitpro/devkitarm/bin/../lib/gcc/arm-none-eabi/9.1.0/../../../../arm-none-eabi/lib/thumb\libg.a(lib_a-strncmp.o)
                0x0000000002016ee0                strncmp
 .text.strncpy  0x0000000002016f58       0x74 c:/devkitpro/devkitarm/bin/../lib/gcc/arm-none-eabi/9.1.0/../../../../arm-none-eabi/lib/thumb\libg.a(lib_a-strncpy.o)
                0x0000000002016f58                strncpy
 .text.strnlen  0x0000000002016fcc       0x24 c:/devkitpro/devkitarm/bin/../lib/gcc/arm-none-eabi/9.1.0/../../../../arm-none-eabi/lib/thumb\libg.a(lib_a-strnlen.o)
                0x0000000002016fcc                strnlen
 .text.strpbrk  0x0000000002016ff0       0x3c c:/devkitpro/devkitarm/bin/../lib/gcc/arm-none-eabi/9.1.0/../../../../arm-none-eabi/lib/thumb\libg.a(lib_a-strpbrk.o)
                0x0000000002016ff0                strpbrk
 .text.strrchr  0x000000000201702c       0x2c c:/devkitpro/devkitarm/bin/../lib/gcc/arm-none-eabi/9.1.0/../../../../arm-none-eabi/lib/thumb\libg.a(lib_a-strrchr.o)
                0x000000000201702c                strrchr
 .text._strtol_l.isra.0
                0x0000000002017058      0x140 c:/devkitpro/devkitarm/bin/../lib/gcc/arm-none-eabi/9.1.0/../../../../arm-none-eabi/lib/thumb\libg.a(lib_a-strtol.o)
 .text._strtol_r
                0x0000000002017198        0xc c:/devkitpro/devkitarm/bin/../lib/gcc/arm-none-eabi/9.1.0/../../../../arm-none-eabi/lib/thumb\libg.a(lib_a-strtol.o)
                0x0000000002017198                _strtol_r
 .text.get_arg  0x00000000020171a4       0x32 c:/devkitpro/devkitarm/bin/../lib/gcc/arm-none-eabi/9.1.0/../../../../arm-none-eabi/lib/thumb\libg.a(lib_a-svfiscanf.o)
 .text._sungetc_r
                0x00000000020171d6       0x7e c:/devkitpro/devkitarm/bin/../lib/gcc/arm-none-eabi/9.1.0/../../../../arm-none-eabi/lib/thumb\libg.a(lib_a-svfiscanf.o)
                0x00000000020171d6                _sungetc_r
 .text.__ssrefill_r
                0x0000000002017254       0x42 c:/devkitpro/devkitarm/bin/../lib/gcc/arm-none-eabi/9.1.0/../../../../arm-none-eabi/lib/thumb\libg.a(lib_a-svfiscanf.o)
                0x0000000002017254                __ssrefill_r
 .text._sfread_r
                0x0000000002017296       0x8a c:/devkitpro/devkitarm/bin/../lib/gcc/arm-none-eabi/9.1.0/../../../../arm-none-eabi/lib/thumb\libg.a(lib_a-svfiscanf.o)
                0x0000000002017296                _sfread_r
 .text.__ssvfiscanf_r
                0x0000000002017320     0x1b54 c:/devkitpro/devkitarm/bin/../lib/gcc/arm-none-eabi/9.1.0/../../../../arm-none-eabi/lib/thumb\libg.a(lib_a-svfiscanf.o)
                0x0000000002017320                __ssvfiscanf_r
 .text.get_arg  0x0000000002018e74      0x3d8 c:/devkitpro/devkitarm/bin/../lib/gcc/arm-none-eabi/9.1.0/../../../../arm-none-eabi/lib/thumb\libg.a(lib_a-svfprintf.o)
 .text._svfprintf_r
                0x000000000201924c     0x2494 c:/devkitpro/devkitarm/bin/../lib/gcc/arm-none-eabi/9.1.0/../../../../arm-none-eabi/lib/thumb\libg.a(lib_a-svfprintf.o)
                0x000000000201924c                _svfprintf_r
 .text.lseek    0x000000000201b6e0       0x24 c:/devkitpro/devkitarm/bin/../lib/gcc/arm-none-eabi/9.1.0/../../../../arm-none-eabi/lib/thumb\libg.a(lib_a-syslseek.o)
                0x000000000201b6e0                lseek
 .text.open     0x000000000201b704       0x28 c:/devkitpro/devkitarm/bin/../lib/gcc/arm-none-eabi/9.1.0/../../../../arm-none-eabi/lib/thumb\libg.a(lib_a-sysopen.o)
                0x000000000201b704                open
 .text.read     0x000000000201b72c       0x1c c:/devkitpro/devkitarm/bin/../lib/gcc/arm-none-eabi/9.1.0/../../../../arm-none-eabi/lib/thumb\libg.a(lib_a-sysread.o)
                0x000000000201b72c                read
 .text.time     0x000000000201b748       0x34 c:/devkitpro/devkitarm/bin/../lib/gcc/arm-none-eabi/9.1.0/../../../../arm-none-eabi/lib/thumb\libg.a(lib_a-time.o)
                0x000000000201b748                time
 .text.towlower
                0x000000000201b77c       0x10 c:/devkitpro/devkitarm/bin/../lib/gcc/arm-none-eabi/9.1.0/../../../../arm-none-eabi/lib/thumb\libg.a(lib_a-towlower.o)
                0x000000000201b77c                towlower
 .text.towupper
                0x000000000201b78c       0x10 c:/devkitpro/devkitarm/bin/../lib/gcc/arm-none-eabi/9.1.0/../../../../arm-none-eabi/lib/thumb\libg.a(lib_a-towupper.o)
                0x000000000201b78c                towupper
 .text.__tzcalc_limits
                0x000000000201b79c      0x1a8 c:/devkitpro/devkitarm/bin/../lib/gcc/arm-none-eabi/9.1.0/../../../../arm-none-eabi/lib/thumb\libg.a(lib_a-tzcalc_limits.o)
                0x000000000201b79c                __tzcalc_limits
 .text.__tz_lock
                0x000000000201b944       0x14 c:/devkitpro/devkitarm/bin/../lib/gcc/arm-none-eabi/9.1.0/../../../../arm-none-eabi/lib/thumb\libg.a(lib_a-tzlock.o)
                0x000000000201b944                __tz_lock
 .text.__tz_unlock
                0x000000000201b958       0x14 c:/devkitpro/devkitarm/bin/../lib/gcc/arm-none-eabi/9.1.0/../../../../arm-none-eabi/lib/thumb\libg.a(lib_a-tzlock.o)
                0x000000000201b958                __tz_unlock
 .text._tzset_unlocked
                0x000000000201b96c       0x10 c:/devkitpro/devkitarm/bin/../lib/gcc/arm-none-eabi/9.1.0/../../../../arm-none-eabi/lib/thumb\libg.a(lib_a-tzset.o)
                0x000000000201b96c                _tzset_unlocked
 .text._tzset_unlocked_r
                0x000000000201b97c      0x360 c:/devkitpro/devkitarm/bin/../lib/gcc/arm-none-eabi/9.1.0/../../../../arm-none-eabi/lib/thumb\libg.a(lib_a-tzset_r.o)
                0x000000000201b97c                _tzset_unlocked_r
 .text.__submore
                0x000000000201bcdc       0x88 c:/devkitpro/devkitarm/bin/../lib/gcc/arm-none-eabi/9.1.0/../../../../arm-none-eabi/lib/thumb\libg.a(lib_a-ungetc.o)
                0x000000000201bcdc                __submore
 .text.get_arg  0x000000000201bd64      0x3d8 c:/devkitpro/devkitarm/bin/../lib/gcc/arm-none-eabi/9.1.0/../../../../arm-none-eabi/lib/thumb\libg.a(lib_a-vfiprintf.o)
 .text.__sprint_r
                0x000000000201c13c       0x20 c:/devkitpro/devkitarm/bin/../lib/gcc/arm-none-eabi/9.1.0/../../../../arm-none-eabi/lib/thumb\libg.a(lib_a-vfiprintf.o)
                0x000000000201c13c                __sprint_r
 .text._vfiprintf_r
                0x000000000201c15c     0x1804 c:/devkitpro/devkitarm/bin/../lib/gcc/arm-none-eabi/9.1.0/../../../../arm-none-eabi/lib/thumb\libg.a(lib_a-vfiprintf.o)
                0x000000000201c15c                _vfiprintf_r
 .text.__sbprintf
                0x000000000201d960       0x8c c:/devkitpro/devkitarm/bin/../lib/gcc/arm-none-eabi/9.1.0/../../../../arm-none-eabi/lib/thumb\libg.a(lib_a-vfiprintf.o)
 .text._wcrtomb_r
                0x000000000201d9ec       0x5c c:/devkitpro/devkitarm/bin/../lib/gcc/arm-none-eabi/9.1.0/../../../../arm-none-eabi/lib/thumb\libg.a(lib_a-wcrtomb.o)
                0x000000000201d9ec                _wcrtomb_r
 .text.wcrtomb  0x000000000201da48       0x74 c:/devkitpro/devkitarm/bin/../lib/gcc/arm-none-eabi/9.1.0/../../../../arm-none-eabi/lib/thumb\libg.a(lib_a-wcrtomb.o)
                0x000000000201da48                wcrtomb
 .text._wcsrtombs_r
                0x000000000201dabc       0x1c c:/devkitpro/devkitarm/bin/../lib/gcc/arm-none-eabi/9.1.0/../../../../arm-none-eabi/lib/thumb\libg.a(lib_a-wcsrtombs.o)
                0x000000000201dabc                _wcsrtombs_r
 .text.wctob    0x000000000201dad8       0x48 c:/devkitpro/devkitarm/bin/../lib/gcc/arm-none-eabi/9.1.0/../../../../arm-none-eabi/lib/thumb\libg.a(lib_a-wctob.o)
                0x000000000201dad8                wctob
 .text.__utf8_wctomb
                0x000000000201db20       0xb4 c:/devkitpro/devkitarm/bin/../lib/gcc/arm-none-eabi/9.1.0/../../../../arm-none-eabi/lib/thumb\libg.a(lib_a-wctomb_r.o)
                0x000000000201db20                __utf8_wctomb
 .text.__swsetup_r
                0x000000000201dbd4       0xd8 c:/devkitpro/devkitarm/bin/../lib/gcc/arm-none-eabi/9.1.0/../../../../arm-none-eabi/lib/thumb\libg.a(lib_a-wsetup.o)
                0x000000000201dbd4                __swsetup_r
 .text.div      0x000000000201dcac       0x34 c:/devkitpro/devkitarm/bin/../lib/gcc/arm-none-eabi/9.1.0/../../../../arm-none-eabi/lib/thumb\libg.a(lib_a-div.o)
                0x000000000201dcac                div
 .text.quorem   0x000000000201dce0      0x14c c:/devkitpro/devkitarm/bin/../lib/gcc/arm-none-eabi/9.1.0/../../../../arm-none-eabi/lib/thumb\libg.a(lib_a-dtoa.o)
 .text._dtoa_r  0x000000000201de2c      0xf70 c:/devkitpro/devkitarm/bin/../lib/gcc/arm-none-eabi/9.1.0/../../../../arm-none-eabi/lib/thumb\libg.a(lib_a-dtoa.o)
                0x000000000201de2c                _dtoa_r
 .text.__sflags
                0x000000000201ed9c       0xa4 c:/devkitpro/devkitarm/bin/../lib/gcc/arm-none-eabi/9.1.0/../../../../arm-none-eabi/lib/thumb\libg.a(lib_a-flags.o)
                0x000000000201ed9c                __sflags
 .text.__sfvwrite_r
                0x000000000201ee40      0x348 c:/devkitpro/devkitarm/bin/../lib/gcc/arm-none-eabi/9.1.0/../../../../arm-none-eabi/lib/thumb\libg.a(lib_a-fvwrite.o)
                0x000000000201ee40                __sfvwrite_r
 .text._findenv_r
                0x000000000201f188       0x94 c:/devkitpro/devkitarm/bin/../lib/gcc/arm-none-eabi/9.1.0/../../../../arm-none-eabi/lib/thumb\libg.a(lib_a-getenv_r.o)
                0x000000000201f188                _findenv_r
 .text._getenv_r
                0x000000000201f21c       0x10 c:/devkitpro/devkitarm/bin/../lib/gcc/arm-none-eabi/9.1.0/../../../../arm-none-eabi/lib/thumb\libg.a(lib_a-getenv_r.o)
                0x000000000201f21c                _getenv_r
 .text.__gettzinfo
                0x000000000201f22c        0x8 c:/devkitpro/devkitarm/bin/../lib/gcc/arm-none-eabi/9.1.0/../../../../arm-none-eabi/lib/thumb\libg.a(lib_a-gettzinfo.o)
                0x000000000201f22c                __gettzinfo
 .text.gmtime_r
                0x000000000201f234      0x1d8 c:/devkitpro/devkitarm/bin/../lib/gcc/arm-none-eabi/9.1.0/../../../../arm-none-eabi/lib/thumb\libg.a(lib_a-gmtime_r.o)
                0x000000000201f234                gmtime_r
 .text.iswspace
                0x000000000201f40c       0x10 c:/devkitpro/devkitarm/bin/../lib/gcc/arm-none-eabi/9.1.0/../../../../arm-none-eabi/lib/thumb\libg.a(lib_a-iswspace.o)
                0x000000000201f40c                iswspace
 .text._localeconv_r
                0x000000000201f41c        0x8 c:/devkitpro/devkitarm/bin/../lib/gcc/arm-none-eabi/9.1.0/../../../../arm-none-eabi/lib/thumb\libg.a(lib_a-localeconv.o)
                0x000000000201f41c                _localeconv_r
 .text._mbsnrtowcs_r
                0x000000000201f424       0xc0 c:/devkitpro/devkitarm/bin/../lib/gcc/arm-none-eabi/9.1.0/../../../../arm-none-eabi/lib/thumb\libg.a(lib_a-mbsnrtowcs.o)
                0x000000000201f424                _mbsnrtowcs_r
 .text.memchr   0x000000000201f4e4       0x78 c:/devkitpro/devkitarm/bin/../lib/gcc/arm-none-eabi/9.1.0/../../../../arm-none-eabi/lib/thumb\libg.a(lib_a-memchr-stub.o)
                0x000000000201f4e4                memchr
 .text._Balloc  0x000000000201f55c       0x54 c:/devkitpro/devkitarm/bin/../lib/gcc/arm-none-eabi/9.1.0/../../../../arm-none-eabi/lib/thumb\libg.a(lib_a-mprec.o)
                0x000000000201f55c                _Balloc
 .text._Bfree   0x000000000201f5b0       0x14 c:/devkitpro/devkitarm/bin/../lib/gcc/arm-none-eabi/9.1.0/../../../../arm-none-eabi/lib/thumb\libg.a(lib_a-mprec.o)
                0x000000000201f5b0                _Bfree
 .text.__multadd
                0x000000000201f5c4       0x88 c:/devkitpro/devkitarm/bin/../lib/gcc/arm-none-eabi/9.1.0/../../../../arm-none-eabi/lib/thumb\libg.a(lib_a-mprec.o)
                0x000000000201f5c4                __multadd
 .text.__hi0bits
                0x000000000201f64c       0x38 c:/devkitpro/devkitarm/bin/../lib/gcc/arm-none-eabi/9.1.0/../../../../arm-none-eabi/lib/thumb\libg.a(lib_a-mprec.o)
                0x000000000201f64c                __hi0bits
 .text.__lo0bits
                0x000000000201f684       0x5c c:/devkitpro/devkitarm/bin/../lib/gcc/arm-none-eabi/9.1.0/../../../../arm-none-eabi/lib/thumb\libg.a(lib_a-mprec.o)
                0x000000000201f684                __lo0bits
 .text.__i2b    0x000000000201f6e0       0x18 c:/devkitpro/devkitarm/bin/../lib/gcc/arm-none-eabi/9.1.0/../../../../arm-none-eabi/lib/thumb\libg.a(lib_a-mprec.o)
                0x000000000201f6e0                __i2b
 .text.__multiply
                0x000000000201f6f8      0x194 c:/devkitpro/devkitarm/bin/../lib/gcc/arm-none-eabi/9.1.0/../../../../arm-none-eabi/lib/thumb\libg.a(lib_a-mprec.o)
                0x000000000201f6f8                __multiply
 .text.__pow5mult
                0x000000000201f88c       0xc4 c:/devkitpro/devkitarm/bin/../lib/gcc/arm-none-eabi/9.1.0/../../../../arm-none-eabi/lib/thumb\libg.a(lib_a-mprec.o)
                0x000000000201f88c                __pow5mult
 .text.__lshift
                0x000000000201f950       0xf0 c:/devkitpro/devkitarm/bin/../lib/gcc/arm-none-eabi/9.1.0/../../../../arm-none-eabi/lib/thumb\libg.a(lib_a-mprec.o)
                0x000000000201f950                __lshift
 .text.__mcmp   0x000000000201fa40       0x3c c:/devkitpro/devkitarm/bin/../lib/gcc/arm-none-eabi/9.1.0/../../../../arm-none-eabi/lib/thumb\libg.a(lib_a-mprec.o)
                0x000000000201fa40                __mcmp
 .text.__mdiff  0x000000000201fa7c      0x148 c:/devkitpro/devkitarm/bin/../lib/gcc/arm-none-eabi/9.1.0/../../../../arm-none-eabi/lib/thumb\libg.a(lib_a-mprec.o)
                0x000000000201fa7c                __mdiff
 .text.__d2b    0x000000000201fbc4       0xc0 c:/devkitpro/devkitarm/bin/../lib/gcc/arm-none-eabi/9.1.0/../../../../arm-none-eabi/lib/thumb\libg.a(lib_a-mprec.o)
                0x000000000201fbc4                __d2b
 .text.__sccl   0x000000000201fc84       0x90 c:/devkitpro/devkitarm/bin/../lib/gcc/arm-none-eabi/9.1.0/../../../../arm-none-eabi/lib/thumb\libg.a(lib_a-sccl.o)
                0x000000000201fc84                __sccl
 .text.frexp    0x000000000201fd14       0x68 c:/devkitpro/devkitarm/bin/../lib/gcc/arm-none-eabi/9.1.0/../../../../arm-none-eabi/lib/thumb\libg.a(lib_a-s_frexp.o)
                0x000000000201fd14                frexp
 .text._strtoll_l.isra.0
                0x000000000201fd7c      0x1ac c:/devkitpro/devkitarm/bin/../lib/gcc/arm-none-eabi/9.1.0/../../../../arm-none-eabi/lib/thumb\libg.a(lib_a-strtoll.o)
 .text._strtoll_r
                0x000000000201ff28        0xc c:/devkitpro/devkitarm/bin/../lib/gcc/arm-none-eabi/9.1.0/../../../../arm-none-eabi/lib/thumb\libg.a(lib_a-strtoll.o)
                0x000000000201ff28                _strtoll_r
 .text._strtoull_l.isra.0
                0x000000000201ff34      0x1c8 c:/devkitpro/devkitarm/bin/../lib/gcc/arm-none-eabi/9.1.0/../../../../arm-none-eabi/lib/thumb\libg.a(lib_a-strtoull.o)
 .text._strtoull_r
                0x00000000020200fc        0xc c:/devkitpro/devkitarm/bin/../lib/gcc/arm-none-eabi/9.1.0/../../../../arm-none-eabi/lib/thumb\libg.a(lib_a-strtoull.o)
                0x00000000020200fc                _strtoull_r
 .text._strtoul_l.isra.0
                0x0000000002020108      0x148 c:/devkitpro/devkitarm/bin/../lib/gcc/arm-none-eabi/9.1.0/../../../../arm-none-eabi/lib/thumb\libg.a(lib_a-strtoul.o)
 .text._strtoul_r
                0x0000000002020250        0xc c:/devkitpro/devkitarm/bin/../lib/gcc/arm-none-eabi/9.1.0/../../../../arm-none-eabi/lib/thumb\libg.a(lib_a-strtoul.o)
                0x0000000002020250                _strtoul_r
 .text.strtoul  0x000000000202025c       0x1c c:/devkitpro/devkitarm/bin/../lib/gcc/arm-none-eabi/9.1.0/../../../../arm-none-eabi/lib/thumb\libg.a(lib_a-strtoul.o)
                0x000000000202025c                strtoul
 .text.__ssprint_r
                0x0000000002020278      0x124 c:/devkitpro/devkitarm/bin/../lib/gcc/arm-none-eabi/9.1.0/../../../../arm-none-eabi/lib/thumb\libg.a(lib_a-svfiprintf.o)
                0x0000000002020278                __ssprint_r
 .text.towctrans
                0x000000000202039c       0x28 c:/devkitpro/devkitarm/bin/../lib/gcc/arm-none-eabi/9.1.0/../../../../arm-none-eabi/lib/thumb\libg.a(lib_a-towctrans.o)
                0x000000000202039c                towctrans
 .text._wcsnrtombs_l
                0x00000000020203c4      0x138 c:/devkitpro/devkitarm/bin/../lib/gcc/arm-none-eabi/9.1.0/../../../../arm-none-eabi/lib/thumb\libg.a(lib_a-wcsnrtombs.o)
                0x00000000020203c4                _wcsnrtombs_l
 .text._wcsnrtombs_r
                0x00000000020204fc       0x30 c:/devkitpro/devkitarm/bin/../lib/gcc/arm-none-eabi/9.1.0/../../../../arm-none-eabi/lib/thumb\libg.a(lib_a-wcsnrtombs.o)
                0x00000000020204fc                _wcsnrtombs_r
 .text.__env_lock
                0x000000000202052c       0x14 c:/devkitpro/devkitarm/bin/../lib/gcc/arm-none-eabi/9.1.0/../../../../arm-none-eabi/lib/thumb\libg.a(lib_a-envlock.o)
                0x000000000202052c                __env_lock
 .text.__env_unlock
                0x0000000002020540       0x14 c:/devkitpro/devkitarm/bin/../lib/gcc/arm-none-eabi/9.1.0/../../../../arm-none-eabi/lib/thumb\libg.a(lib_a-envlock.o)
                0x0000000002020540                __env_unlock
 .text.iswspace_l
                0x0000000002020554       0x2c c:/devkitpro/devkitarm/bin/../lib/gcc/arm-none-eabi/9.1.0/../../../../arm-none-eabi/lib/thumb\libg.a(lib_a-iswspace_l.o)
                0x0000000002020554                iswspace_l
 .text.__jp2uc  0x0000000002020580      0x164 c:/devkitpro/devkitarm/bin/../lib/gcc/arm-none-eabi/9.1.0/../../../../arm-none-eabi/lib/thumb\libg.a(lib_a-jp2uc.o)
 .text._jp2uc_l
                0x00000000020206e4       0x6c c:/devkitpro/devkitarm/bin/../lib/gcc/arm-none-eabi/9.1.0/../../../../arm-none-eabi/lib/thumb\libg.a(lib_a-jp2uc.o)
                0x00000000020206e4                _jp2uc_l
 .text._uc2jp_l
                0x0000000002020750       0x4c c:/devkitpro/devkitarm/bin/../lib/gcc/arm-none-eabi/9.1.0/../../../../arm-none-eabi/lib/thumb\libg.a(lib_a-jp2uc.o)
                0x0000000002020750                _uc2jp_l
 .text.bisearch.part.0.constprop.0
                0x000000000202079c       0x5c c:/devkitpro/devkitarm/bin/../lib/gcc/arm-none-eabi/9.1.0/../../../../arm-none-eabi/lib/thumb\libg.a(lib_a-towctrans_l.o)
 .text.towctrans_l
                0x00000000020207f8      0x140 c:/devkitpro/devkitarm/bin/../lib/gcc/arm-none-eabi/9.1.0/../../../../arm-none-eabi/lib/thumb\libg.a(lib_a-towctrans_l.o)
                0x00000000020207f8                towctrans_l
 .text.category
                0x0000000002020938       0x58 c:/devkitpro/devkitarm/bin/../lib/gcc/arm-none-eabi/9.1.0/../../../../arm-none-eabi/lib/thumb\libg.a(lib_a-categories.o)
                0x0000000002020938                category
 .text.null_write
                0x0000000002020990        0x4 c:/devkitpro/devkitarm/bin/../lib/gcc/arm-none-eabi/9.1.0/../../../../arm-none-eabi/lib/thumb\libsysbase.a(iosupport.o)
 .text.setDefaultDevice
                0x0000000002020994       0x10 c:/devkitpro/devkitarm/bin/../lib/gcc/arm-none-eabi/9.1.0/../../../../arm-none-eabi/lib/thumb\libsysbase.a(iosupport.o)
                0x0000000002020994                setDefaultDevice
 .text.FindDevice
                0x00000000020209a4       0x98 c:/devkitpro/devkitarm/bin/../lib/gcc/arm-none-eabi/9.1.0/../../../../arm-none-eabi/lib/thumb\libsysbase.a(iosupport.o)
                0x00000000020209a4                FindDevice
 .text.AddDevice
                0x0000000002020a3c       0x78 c:/devkitpro/devkitarm/bin/../lib/gcc/arm-none-eabi/9.1.0/../../../../arm-none-eabi/lib/thumb\libsysbase.a(iosupport.o)
                0x0000000002020a3c                AddDevice
 .text.GetDeviceOpTab
                0x0000000002020ab4       0x20 c:/devkitpro/devkitarm/bin/../lib/gcc/arm-none-eabi/9.1.0/../../../../arm-none-eabi/lib/thumb\libsysbase.a(iosupport.o)
                0x0000000002020ab4                GetDeviceOpTab
 .text._fstat_r
                0x0000000002020ad4       0x4c c:/devkitpro/devkitarm/bin/../lib/gcc/arm-none-eabi/9.1.0/../../../../arm-none-eabi/lib/thumb\libsysbase.a(fstat.o)
                0x0000000002020ad4                _fstat_r
 .text._gettimeofday_r
                0x0000000002020b20       0x28 c:/devkitpro/devkitarm/bin/../lib/gcc/arm-none-eabi/9.1.0/../../../../arm-none-eabi/lib/thumb\libsysbase.a(gettod.o)
                0x0000000002020b20                _gettimeofday_r
 .text._isatty_r
                0x0000000002020b48        0x4 c:/devkitpro/devkitarm/bin/../lib/gcc/arm-none-eabi/9.1.0/../../../../arm-none-eabi/lib/thumb\libsysbase.a(isatty.o)
                0x0000000002020b48                _isatty_r
 .text._lseek_r
                0x0000000002020b4c       0x5c c:/devkitpro/devkitarm/bin/../lib/gcc/arm-none-eabi/9.1.0/../../../../arm-none-eabi/lib/thumb\libsysbase.a(lseek.o)
                0x0000000002020b4c                _lseek_r
 .text._open_r  0x0000000002020ba8       0x9c c:/devkitpro/devkitarm/bin/../lib/gcc/arm-none-eabi/9.1.0/../../../../arm-none-eabi/lib/thumb\libsysbase.a(open.o)
                0x0000000002020ba8                _open_r
 .text._read_r  0x0000000002020c44       0x50 c:/devkitpro/devkitarm/bin/../lib/gcc/arm-none-eabi/9.1.0/../../../../arm-none-eabi/lib/thumb\libsysbase.a(read.o)
                0x0000000002020c44                _read_r
 .text._sbrk_r  0x0000000002020c94       0x54 c:/devkitpro/devkitarm/bin/../lib/gcc/arm-none-eabi/9.1.0/../../../../arm-none-eabi/lib/thumb\libsysbase.a(sbrk.o)
                0x0000000002020c94                _sbrk_r
 .text._write_r
                0x0000000002020ce8       0x50 c:/devkitpro/devkitarm/bin/../lib/gcc/arm-none-eabi/9.1.0/../../../../arm-none-eabi/lib/thumb\libsysbase.a(write.o)
                0x0000000002020ce8                _write_r
 .text._concatenate_path
                0x0000000002020d38      0x128 c:/devkitpro/devkitarm/bin/../lib/gcc/arm-none-eabi/9.1.0/../../../../arm-none-eabi/lib/thumb\libsysbase.a(chdir.o)
                0x0000000002020d38                _concatenate_path
 .text.chdir    0x0000000002020e60       0xf8 c:/devkitpro/devkitarm/bin/../lib/gcc/arm-none-eabi/9.1.0/../../../../arm-none-eabi/lib/thumb\libsysbase.a(chdir.o)
                0x0000000002020e60                chdir
 .text.getcwd   0x0000000002020f58       0x60 c:/devkitpro/devkitarm/bin/../lib/gcc/arm-none-eabi/9.1.0/../../../../arm-none-eabi/lib/thumb\libsysbase.a(chdir.o)
                0x0000000002020f58                getcwd
 .text.build_argv
                0x0000000002020fb8       0x4c c:/devkitpro/devkitarm/bin/../lib/gcc/arm-none-eabi/9.1.0/../../../../arm-none-eabi/lib/thumb\libsysbase.a(build_argv.o)
                0x0000000002020fb8                build_argv
 .text.__flockfile
                0x0000000002021004       0x10 c:/devkitpro/devkitarm/bin/../lib/gcc/arm-none-eabi/9.1.0/../../../../arm-none-eabi/lib/thumb\libsysbase.a(flock.o)
                0x0000000002021004                __flockfile
 .text.__funlockfile
                0x0000000002021014       0x10 c:/devkitpro/devkitarm/bin/../lib/gcc/arm-none-eabi/9.1.0/../../../../arm-none-eabi/lib/thumb\libsysbase.a(flock.o)
                0x0000000002021014                __funlockfile
 .text.__libc_lock_acquire
                0x0000000002021024       0x1c c:/devkitpro/devkitarm/bin/../lib/gcc/arm-none-eabi/9.1.0/../../../../arm-none-eabi/lib/thumb\libsysbase.a(syscall_support.o)
                0x0000000002021024                __libc_lock_acquire
 .text.__libc_lock_release
                0x0000000002021040       0x1c c:/devkitpro/devkitarm/bin/../lib/gcc/arm-none-eabi/9.1.0/../../../../arm-none-eabi/lib/thumb\libsysbase.a(syscall_support.o)
                0x0000000002021040                __libc_lock_release
 .text.__libc_lock_init_recursive
                0x000000000202105c       0x1c c:/devkitpro/devkitarm/bin/../lib/gcc/arm-none-eabi/9.1.0/../../../../arm-none-eabi/lib/thumb\libsysbase.a(syscall_support.o)
                0x000000000202105c                __libc_lock_init_recursive
 .text.__libc_lock_acquire_recursive
                0x0000000002021078       0x1c c:/devkitpro/devkitarm/bin/../lib/gcc/arm-none-eabi/9.1.0/../../../../arm-none-eabi/lib/thumb\libsysbase.a(syscall_support.o)
                0x0000000002021078                __libc_lock_acquire_recursive
 .text.__libc_lock_release_recursive
                0x0000000002021094       0x1c c:/devkitpro/devkitarm/bin/../lib/gcc/arm-none-eabi/9.1.0/../../../../arm-none-eabi/lib/thumb\libsysbase.a(syscall_support.o)
                0x0000000002021094                __libc_lock_release_recursive
 .text.__libc_lock_close_recursive
                0x00000000020210b0       0x1c c:/devkitpro/devkitarm/bin/../lib/gcc/arm-none-eabi/9.1.0/../../../../arm-none-eabi/lib/thumb\libsysbase.a(syscall_support.o)
                0x00000000020210b0                __libc_lock_close_recursive
 .text.__release_handle
                0x00000000020210cc       0x68 c:/devkitpro/devkitarm/bin/../lib/gcc/arm-none-eabi/9.1.0/../../../../arm-none-eabi/lib/thumb\libsysbase.a(handle_manager.o)
                0x00000000020210cc                __release_handle
 .text.__alloc_handle
                0x0000000002021134       0x80 c:/devkitpro/devkitarm/bin/../lib/gcc/arm-none-eabi/9.1.0/../../../../arm-none-eabi/lib/thumb\libsysbase.a(handle_manager.o)
                0x0000000002021134                __alloc_handle
 .text.__get_handle
                0x00000000020211b4       0x34 c:/devkitpro/devkitarm/bin/../lib/gcc/arm-none-eabi/9.1.0/../../../../arm-none-eabi/lib/thumb\libsysbase.a(handle_manager.o)
                0x00000000020211b4                __get_handle
 .text._close_r
                0x00000000020211e8       0xb8 c:/devkitpro/devkitarm/bin/../lib/gcc/arm-none-eabi/9.1.0/../../../../arm-none-eabi/lib/thumb\libsysbase.a(handle_manager.o)
                0x00000000020211e8                _close_r
 .text.__getreent
                0x00000000020212a0       0x28 c:/devkitpro/devkitarm/bin/../lib/gcc/arm-none-eabi/9.1.0/../../../../arm-none-eabi/lib/thumb\libsysbase.a(getreent.o)
                0x00000000020212a0                __getreent
 .text.__errno  0x00000000020212c8        0xc c:/devkitpro/devkitarm/bin/../lib/gcc/arm-none-eabi/9.1.0/../../../../arm-none-eabi/lib/thumb\libg.a(lib_a-errno.o)
                0x00000000020212c8                __errno
 *fill*         0x00000000020212d4        0x4 ff
 .text.__errno.__stub
                0x00000000020212d8      0x110 linker stubs
 *(EXCLUDE_FILE(*.twl*) .gnu.warning)
 *(EXCLUDE_FILE(*.twl*) .gnu.linkonce.t*)
 *(.glue_7)
 .glue_7        0x00000000020213f8        0x0 linker stubs
 *(.glue_7t)
 .glue_7t       0x00000000020213f8        0x0 linker stubs
                0x00000000020213f8                . = ALIGN (0x4)

.vfp11_veneer   0x00000000020213f8        0x0
 .vfp11_veneer  0x00000000020213f8        0x0 linker stubs

.v4_bx          0x00000000020213f8        0x0
 .v4_bx         0x00000000020213f8        0x0 linker stubs

.iplt           0x00000000020213f8        0x0
 .iplt          0x00000000020213f8        0x0 c:/devkitpro/devkitarm/bin/../lib/gcc/arm-none-eabi/9.1.0/../../../../arm-none-eabi/lib/thumb/ds_arm9_crt0.o

.fini           0x00000000020213f8        0xc
 *(.fini)
 .fini          0x00000000020213f8        0x4 c:/devkitpro/devkitarm/bin/../lib/gcc/arm-none-eabi/9.1.0/thumb/crti.o
                0x00000000020213f8                _fini
 .fini          0x00000000020213fc        0x8 c:/devkitpro/devkitarm/bin/../lib/gcc/arm-none-eabi/9.1.0/thumb/crtn.o
                0x0000000002021404                __text_end = .

.rodata         0x0000000002021408     0x9974
 *(EXCLUDE_FILE(*.twl*) .rodata)
 .rodata        0x0000000002021408       0x50 C:/Users/csonk/OneDrive/Documents/SinkHole_X/NDS/nflib/lib\libnflib.a(nf_basic.o)
 .rodata        0x0000000002021458     0x2004 C:/devkitPro/libnds/lib\libnds9.a(default_font.bin.o)
                0x0000000002021458                default_font_bin
                0x0000000002023458                default_font_bin_size
                0x0000000002023458                default_font_bin_end
 *all.rodata*(*)
 *(EXCLUDE_FILE(*.twl*) .roda)
 *(EXCLUDE_FILE(*.twl*) .rodata.*)
 .rodata.str1.4
                0x000000000202345c      0x273 main.o
 *fill*         0x00000000020236cf        0x1 ff
 .rodata.str1.4
                0x00000000020236d0       0x27 C:/Users/csonk/OneDrive/Documents/SinkHole_X/NDS/nflib/lib\libnflib.a(nf_2d.o)
                                         0x28 (size before relaxing)
 *fill*         0x00000000020236f7        0x1 ff
 .rodata.str1.4
                0x00000000020236f8      0x613 C:/Users/csonk/OneDrive/Documents/SinkHole_X/NDS/nflib/lib\libnflib.a(nf_basic.o)
                                        0x628 (size before relaxing)
 *fill*         0x0000000002023d0b        0x1 ff
 .rodata.str1.4
                0x0000000002023d0c       0x70 C:/Users/csonk/OneDrive/Documents/SinkHole_X/NDS/nflib/lib\libnflib.a(nf_sprite256.o)
                                         0x7c (size before relaxing)
 .rodata.str1.4
                0x0000000002023d7c       0x15 C:/Users/csonk/OneDrive/Documents/SinkHole_X/NDS/nflib/lib\libnflib.a(nf_text.o)
                                         0x28 (size before relaxing)
 .rodata.str1.4
                0x0000000002023d91       0x28 C:/Users/csonk/OneDrive/Documents/SinkHole_X/NDS/nflib/lib\libnflib.a(nf_text16.o)
 *fill*         0x0000000002023d91        0x3 ff
 .rodata.str1.4
                0x0000000002023d94       0x40 C:/Users/csonk/OneDrive/Documents/SinkHole_X/NDS/nflib/lib\libnflib.a(nf_tiledbg.o)
                                         0x6c (size before relaxing)
 .rodata.nitroFSInit.str1.4
                0x0000000002023dd4        0x7 C:/devkitPro/libnds/lib\libfilesystem.a(nitrofs.o)
                                         0x10 (size before relaxing)
 *fill*         0x0000000002023ddb        0x1 ff
 .rodata.str1.4
                0x0000000002023ddc        0xe C:/devkitPro/libnds/lib\libfilesystem.a(nitrofs.o)
 *fill*         0x0000000002023dea        0x2 ff
 .rodata.dotab_fat
                0x0000000002023dec       0x70 C:/devkitPro/libnds/lib\libfat.a(libfat.o)
 .rodata.fatInit.str1.4
                0x0000000002023e5c        0x3 C:/devkitPro/libnds/lib\libfat.a(libfat.o)
 *fill*         0x0000000002023e5f        0x1 ff
 .rodata.fatMount.str1.4
                0x0000000002023e60        0x2 C:/devkitPro/libnds/lib\libfat.a(libfat.o)
 .rodata.str1.4
                0x0000000002023e62        0x4 C:/devkitPro/libnds/lib\libfat.a(libfat.o)
 *fill*         0x0000000002023e62        0x2 ff
 .rodata._FAT_disc_interfaces
                0x0000000002023e64       0x18 C:/devkitPro/libnds/lib\libfat.a(disc.o)
                0x0000000002023e64                _FAT_disc_interfaces
 .rodata.str1.4
                0x0000000002023e7c        0x8 C:/devkitPro/libnds/lib\libfat.a(disc.o)
 .rodata.ILLEGAL_ALIAS_CHARACTERS
                0x0000000002023e7c       0x12 C:/devkitPro/libnds/lib\libfat.a(directory.o)
 *fill*         0x0000000002023e8e        0x2 ff
 .rodata.ILLEGAL_LFN_CHARACTERS
                0x0000000002023e90        0xa C:/devkitPro/libnds/lib\libfat.a(directory.o)
 *fill*         0x0000000002023e9a        0x2 ff
 .rodata.LFN_offset_table
                0x0000000002023e9c       0x34 C:/devkitPro/libnds/lib\libfat.a(directory.o)
 .rodata._FAT_directory_entryFromPath.str1.4
                0x0000000002023ed0        0x7 C:/devkitPro/libnds/lib\libfat.a(directory.o)
 .rodata.FAT_SIG
                0x0000000002023ed0        0x3 C:/devkitPro/libnds/lib\libfat.a(partition.o)
 *fill*         0x0000000002023ed3        0x1 ff
 .rodata.FS_INFO_SIG1
                0x0000000002023ed4        0x4 C:/devkitPro/libnds/lib\libfat.a(partition.o)
 .rodata.FS_INFO_SIG2
                0x0000000002023ed8        0x4 C:/devkitPro/libnds/lib\libfat.a(partition.o)
 .rodata.FS_TWL_SIG
                0x0000000002023edc        0x8 C:/devkitPro/libnds/lib\libfat.a(partition.o)
 .rodata.con_write
                0x0000000002023ee4       0xd4 C:/devkitPro/libnds/lib\libnds9.a(console.o)
 .rodata.con_write.str1.4
                0x0000000002023fb8       0x30 C:/devkitPro/libnds/lib\libnds9.a(console.o)
 .rodata.consoleClear.str1.4
                0x0000000002023fe8        0x5 C:/devkitPro/libnds/lib\libnds9.a(console.o)
 *fill*         0x0000000002023fed        0x3 ff
 .rodata.dotab_stdout
                0x0000000002023ff0       0x70 C:/devkitPro/libnds/lib\libnds9.a(console.o)
 .rodata.str1.4
                0x0000000002024060       0x14 C:/devkitPro/libnds/lib\libnds9.a(console.o)
 .rodata.SIN_LUT
                0x0000000002024074      0x102 C:/devkitPro/libnds/lib\libnds9.a(trig.o)
                0x0000000002024074                SIN_LUT
 *fill*         0x0000000002024176        0x2 ff
 .rodata._ctype_
                0x0000000002024178      0x101 c:/devkitpro/devkitarm/bin/../lib/gcc/arm-none-eabi/9.1.0/../../../../arm-none-eabi/lib/thumb\libg.a(lib_a-ctype_.o)
                0x0000000002024178                _ctype_
 *fill*         0x0000000002024279        0x3 ff
 .rodata._global_impure_ptr
                0x000000000202427c        0x4 c:/devkitpro/devkitarm/bin/../lib/gcc/arm-none-eabi/9.1.0/../../../../arm-none-eabi/lib/thumb\libg.a(lib_a-impure.o)
                0x000000000202427c                _global_impure_ptr
 .rodata.str1.4
                0x0000000002024280       0x44 c:/devkitpro/devkitarm/bin/../lib/gcc/arm-none-eabi/9.1.0/../../../../arm-none-eabi/lib/thumb\libg.a(lib_a-locale.o)
                                         0x4c (size before relaxing)
 .rodata._mbrtowc_r.str1.4
                0x00000000020242c4        0x1 c:/devkitpro/devkitarm/bin/../lib/gcc/arm-none-eabi/9.1.0/../../../../arm-none-eabi/lib/thumb\libg.a(lib_a-mbrtowc.o)
 .rodata.DAYS_IN_MONTH
                0x00000000020242c4       0x30 c:/devkitpro/devkitarm/bin/../lib/gcc/arm-none-eabi/9.1.0/../../../../arm-none-eabi/lib/thumb\libg.a(lib_a-mktime.o)
 .rodata._DAYS_BEFORE_MONTH
                0x00000000020242f4       0x30 c:/devkitpro/devkitarm/bin/../lib/gcc/arm-none-eabi/9.1.0/../../../../arm-none-eabi/lib/thumb\libg.a(lib_a-mktime.o)
 .rodata.__month_lengths
                0x0000000002024324       0x60 c:/devkitpro/devkitarm/bin/../lib/gcc/arm-none-eabi/9.1.0/../../../../arm-none-eabi/lib/thumb\libg.a(lib_a-month_lengths.o)
                0x0000000002024324                __month_lengths
 .rodata.basefix.6959
                0x0000000002024384       0x22 c:/devkitpro/devkitarm/bin/../lib/gcc/arm-none-eabi/9.1.0/../../../../arm-none-eabi/lib/thumb\libg.a(lib_a-svfiscanf.o)
 .rodata._svfprintf_r.str1.1
                0x00000000020243a6       0x3b c:/devkitpro/devkitarm/bin/../lib/gcc/arm-none-eabi/9.1.0/../../../../arm-none-eabi/lib/thumb\libg.a(lib_a-svfprintf.o)
 *fill*         0x00000000020243e1        0x3 ff
 .rodata.blanks.7413
                0x00000000020243e4       0x10 c:/devkitpro/devkitarm/bin/../lib/gcc/arm-none-eabi/9.1.0/../../../../arm-none-eabi/lib/thumb\libg.a(lib_a-svfprintf.o)
 .rodata.zeroes.7414
                0x00000000020243f4       0x10 c:/devkitpro/devkitarm/bin/../lib/gcc/arm-none-eabi/9.1.0/../../../../arm-none-eabi/lib/thumb\libg.a(lib_a-svfprintf.o)
 .rodata._tzset_unlocked_r.str1.4
                0x0000000002024404       0x53 c:/devkitpro/devkitarm/bin/../lib/gcc/arm-none-eabi/9.1.0/../../../../arm-none-eabi/lib/thumb\libg.a(lib_a-tzset_r.o)